../drivers/fsl_qtmr.c:69:6:QTMR_Init	8	static
../drivers/fsl_qtmr.c:102:6:QTMR_Deinit	0	static
../drivers/fsl_qtmr.c:128:6:QTMR_GetDefaultConfig	8	static
../drivers/fsl_qtmr.c:168:10:QTMR_SetupPwm	16	static
../drivers/fsl_qtmr.c:277:6:QTMR_SetupInputCapture	8	static
../drivers/fsl_qtmr.c:319:6:QTMR_EnableInterrupts	4	static
../drivers/fsl_qtmr.c:365:6:QTMR_DisableInterrupts	0	static
../drivers/fsl_qtmr.c:410:10:QTMR_GetEnabledInterrupts	0	static
../drivers/fsl_qtmr.c:456:10:QTMR_GetStatus	0	static
../drivers/fsl_qtmr.c:501:6:QTMR_ClearStatusFlags	0	static
../drivers/fsl_qtmr.c:555:6:QTMR_SetTimerPeriod	4	static
../drivers/fsl_qtmr.c:584:6:QTMR_SetCompareValue	0	static
../drivers/fsl_qtmr.c:608:6:QTMR_EnableDma	4	static
../drivers/fsl_qtmr.c:641:6:QTMR_DisableDma	0	static
../drivers/fsl_qtmr.c:673:6:QTMR_SetPwmOutputToIdle	12	static
../drivers/fsl_qtmr.c:705:9:QTMR_GetPwmChannelStatus	0	static
../drivers/fsl_qtmr.c:717:6:QTMR_SetPwmClockMode	0	static
