../component/osa/fsl_os_abstraction_bm.c:161:18:main_task	0	static
../component/osa/fsl_os_abstraction_bm.c:192:7:OSA_MemoryAllocate	16	static
../component/osa/fsl_os_abstraction_bm.c:210:6:OSA_MemoryFree	0	static
../component/osa/fsl_os_abstraction_bm.c:215:6:OSA_EnterCritical	0	static
../component/osa/fsl_os_abstraction_bm.c:220:6:OSA_ExitCritical	0	static
../component/osa/fsl_os_abstraction_bm.c:231:6:OSA_EnableIRQGlobal	0	static
../component/osa/fsl_os_abstraction_bm.c:252:6:OSA_DisableIRQGlobal	0	static
../component/osa/fsl_os_abstraction_bm.c:473:18:OSA_TimeInit	0	static
../component/osa/fsl_os_abstraction_bm.c:490:22:OSA_TimeDiff	0	static
../component/osa/fsl_os_abstraction_bm.c:508:6:OSA_TimeDelay	0	static
../component/osa/fsl_os_abstraction_bm.c:527:22:OSA_TimeGetMsec	0	static
../component/osa/fsl_os_abstraction_bm.c:544:14:OSA_SemaphorePrecreate	0	static
../component/osa/fsl_os_abstraction_bm.c:559:14:OSA_SemaphoreCreate	0	static
../component/osa/fsl_os_abstraction_bm.c:588:14:OSA_SemaphoreCreateBinary	0	static
../component/osa/fsl_os_abstraction_bm.c:616:14:OSA_SemaphoreDestroy	8	static
../component/osa/fsl_os_abstraction_bm.c:639:14:OSA_SemaphoreWait	0	static
../component/osa/fsl_os_abstraction_bm.c:714:14:OSA_SemaphorePost	0	static
../component/osa/fsl_os_abstraction_bm.c:750:14:OSA_MutexCreate	0	static
../component/osa/fsl_os_abstraction_bm.c:779:14:OSA_MutexLock	0	static
../component/osa/fsl_os_abstraction_bm.c:845:14:OSA_MutexUnlock	0	static
../component/osa/fsl_os_abstraction_bm.c:863:14:OSA_MutexDestroy	8	static
../component/osa/fsl_os_abstraction_bm.c:882:14:OSA_EventPrecreate	0	static
../component/osa/fsl_os_abstraction_bm.c:896:14:OSA_EventCreate	0	static
../component/osa/fsl_os_abstraction_bm.c:919:14:OSA_EventSet	0	static
../component/osa/fsl_os_abstraction_bm.c:944:14:OSA_EventClear	0	static
../component/osa/fsl_os_abstraction_bm.c:974:14:OSA_EventGet	0	static
../component/osa/fsl_os_abstraction_bm.c:1006:14:OSA_EventWait	8	static
../component/osa/fsl_os_abstraction_bm.c:1090:14:OSA_EventDestroy	8	static
../component/osa/fsl_os_abstraction_bm.c:1109:14:OSA_MsgQCreate	4	static
../component/osa/fsl_os_abstraction_bm.c:1131:14:OSA_MsgQPut	8	static
../component/osa/fsl_os_abstraction_bm.c:1190:14:OSA_MsgQGet	4	static
../component/osa/fsl_os_abstraction_bm.c:1281:5:OSA_MsgQAvailableMsgs	0	static
../component/osa/fsl_os_abstraction_bm.c:1296:14:OSA_MsgQDestroy	8	static
../component/osa/fsl_os_abstraction_bm.c:1314:6:OSA_InterruptEnable	0	static
../component/osa/fsl_os_abstraction_bm.c:1324:6:OSA_InterruptDisable	0	static
../component/osa/fsl_os_abstraction_bm.c:1335:6:OSA_InstallIntHandler	0	static
