../source/app.c:1443:12:SendTouch_Report.constprop.isra	48	static
../source/app.c:1556:12:SendBrush_Report.constprop.isra	32	static
../source/app.c:1635:12:SendDigitizerReport.constprop.isra	64	static
../source/app.c:1862:12:normalSendRes.constprop.isra	40	static
../source/app.c:273:10:USB_CalculateCrc	8	static
../source/app.c:387:6:WDOG1_IRQHandler	0	static
../source/app.c:397:6:MY_WDOG_system_reset_reason	0	static
../source/app.c:426:6:MY_WDOG_reset_init	8	static
../source/app.c:446:6:MY_WDOG_soft_reset	0	static
../source/app.c:475:6:USB_OTG1_IRQHandler	8	static
../source/app.c:480:6:USB_OTG2_IRQHandler	8	static
../source/app.c:564:5:MY_delay	8	static
../source/app.c:575:5:delay_test	16	static
../source/app.c:817:6:backend_process_ofst_data_debug_print	0	static
../source/app.c:897:5:backend_process_line_data	120	static
../source/app.c:1348:10:s_get_frame_span	0	static
../source/app.c:1364:10:s_get_time_diff	0	static
../source/app.c:1381:10:s_wheel_get_time_diff	0	static
../source/app.c:1397:10:s_Send_get_time_diff	0	static
../source/app.c:1415:10:s_belib_time_diff	0	static
../source/app.c:1426:6:s_set_fagc_time	0	static
../source/app.c:1431:5:s_is_expired_fagc_time	0	static
../source/app.c:1769:10:normalCmdProcess	48	static
../source/app.c:1892:5:normal_dlt_send_data	32	static
../source/app.c:1954:6:DoSoftReset	0	static
../source/app.c:2003:6:APP_Init	4	static
../source/app.c:2019:5:backendInit	96	static
../source/app.c:2140:9:backendProcess	24	static
../source/app.c:2218:12:ReceiveCmdParser	16	static
../source/app.c:2325:6:APP_Tasks	16	static
../source/app.c:2434:6:DWT_Init	0	static
../source/app.c:2441:6:test_mode_func	88	static
../source/app.c:2482:5:main	8	static
