../source/app.c:1444:12:SendTouch_Report.constprop.isra	48	static
../source/app.c:1557:12:SendBrush_Report.constprop.isra	32	static
../source/app.c:1636:12:SendDigitizerReport.constprop.isra	64	static
../source/app.c:1863:12:normalSendRes.constprop.isra	40	static
../source/app.c:273:10:USB_CalculateCrc	8	static
../source/app.c:387:6:WDOG1_IRQHandler	0	static
../source/app.c:397:6:MY_WDOG_system_reset_reason	0	static
../source/app.c:426:6:MY_WDOG_reset_init	8	static
../source/app.c:446:6:MY_WDOG_soft_reset	0	static
../source/app.c:475:6:USB_OTG1_IRQHandler	8	static
../source/app.c:480:6:USB_OTG2_IRQHandler	8	static
../source/app.c:564:5:MY_delay	8	static
../source/app.c:575:5:delay_test	16	static
../source/app.c:817:6:backend_process_ofst_data_debug_print	0	static
../source/app.c:897:5:backend_process_line_data	120	static
../source/app.c:1349:10:s_get_frame_span	0	static
../source/app.c:1365:10:s_get_time_diff	0	static
../source/app.c:1382:10:s_wheel_get_time_diff	0	static
../source/app.c:1398:10:s_Send_get_time_diff	0	static
../source/app.c:1416:10:s_belib_time_diff	0	static
../source/app.c:1427:6:s_set_fagc_time	0	static
../source/app.c:1432:5:s_is_expired_fagc_time	0	static
../source/app.c:1770:10:normalCmdProcess	48	static
../source/app.c:1893:5:normal_dlt_send_data	32	static
../source/app.c:1955:6:DoSoftReset	0	static
../source/app.c:2004:6:APP_Init	4	static
../source/app.c:2020:5:backendInit	96	static
../source/app.c:2141:9:backendProcess	24	static
../source/app.c:2219:12:ReceiveCmdParser	16	static
../source/app.c:2326:6:APP_Tasks	16	static
../source/app.c:2435:6:DWT_Init	0	static
../source/app.c:2442:6:test_mode_func	88	static
../source/app.c:2483:5:main	8	static
