../source/backend_postp.c:214:5:tp_delay	8	static
../source/backend_postp.c:227:6:s_init_post_processing	8	static
../source/backend_postp.c:288:6:tp_init_post_processing	8	static
../source/backend_postp.c:329:7:tracking_getDistanceSquare	0	static
../source/backend_postp.c:788:9:IsSide	8	static
../source/backend_postp.c:813:9:IsEdge	0	static
../source/backend_postp.c:835:7:GetSlope	0	static
../source/backend_postp.c:842:7:GetYIntercept	0	static
../source/backend_postp.c:850:7:GetTHD	8	static
../source/backend_postp.c:904:6:init_pos_info	0	static
../source/backend_postp.c:915:6:add_pos_info	4	static
../source/backend_postp.c:1323:5:s_cal_hor_scroll	24	static
../source/backend_postp.c:2541:10:s_touch_point_tracking	80	static
../source/backend_postp.c:2765:6:s_smooth_filter	72	static
../source/backend_postp.c:3069:10:s_coordinates_conversion	64	static
../source/backend_postp.c:3284:10:s_smooth_filter_brush	28	static
../source/backend_postp.c:3367:9:s_smooth_filter_brush_report_delay	48	static
../source/backend_postp.c:3467:10:s_smooth_filter_brush_2nd	0	static
../source/backend_postp.c:3495:10:s_coordinates_conversion_brush	72	static
../source/backend_postp.c:3918:10:s_coordinates_conversion_brush_report_delay	96	static
