../source/dlt.c:107:6:get_fw_version	32	static
../source/dlt.c:132:5:show_frontend_fwinfo	72	static
../source/dlt.c:254:6:get_ver_string	8	static
../source/dlt.c:290:6:get_slope_size	0	static
../source/dlt.c:307:10:copy_ofst_to_exb	16	static
../source/dlt.c:554:10:Send_ExbBit_Data_to_USBCPU_Init	8	static
../source/dlt.c:575:10:Send_ExbBit_Data_to_USBCPU_size	0	static
../source/dlt.c:587:9:getLedOnTime	24	static
../source/dlt.c:623:9:getLedCurrentIdx	24	static
../source/dlt.c:675:10:Send_ADC_Data_to_USBCPU	48	static
../source/dlt.c:905:6:dltParmInit	0	static
../source/dlt.c:967:5:dltInit	8	static
../source/dlt.c:979:5:dltRxProcess	8	static
../source/dlt.c:1058:5:dltProcess	8	static
