../source/Scan.c:2098:9:averageNonBlockLevel.part.0	32	static
../source/Scan.c:3404:9:controlLEDLightIntensityWithTryCnt.constprop	72	static
../source/Scan.c:3404:9:controlLEDLightIntensityWithTryCnt.constprop	72	static
../source/Scan.c:2493:6:setThresholdDataByAvgNonBlockLevel.constprop	48	static
../source/Scan.c:2493:6:setThresholdDataByAvgNonBlockLevel.constprop	32	static
../source/Scan.c:526:6:copySequenceTbl	32	static
../source/Scan.c:603:6:initializeScanHW	4	static
../source/Scan.c:619:6:Scan_Initialize	24	static
../source/Scan.c:963:6:selectPDGroupExt	16	static
../source/Scan.c:973:1:findStartScanSequenceIdx	16	static
../source/Scan.c:1073:6:storeAnOutAdcResult	4	static
../source/Scan.c:1159:9:scanAxisFull	112	static
../source/Scan.c:4058:9:Calibration_Process.part.0	80	static
../source/Scan.c:2098:9:averageNonBlockLevel	0	static
../source/Scan.c:2172:10:Scan_Data_Process	136	static
../source/Scan.c:2476:9:isInSideArea	0	static
../source/Scan.c:2493:6:setThresholdDataByAvgNonBlockLevel	64	static
../source/Scan.c:2624:9:getADCResultByPdIdxAndOffset	4	static
../source/Scan.c:2684:9:getADCResultByLedIdxAndOffset	8	static
../source/Scan.c:2744:9:getADCResultByDeviceIdx	4	static
../source/Scan.c:2802:6:software_reset	0	static
../source/Scan.c:2835:6:setProcessExtLightTimerMsec	0	static
../source/Scan.c:2842:6:clearProcessExtLightTimer	0	static
../source/Scan.c:2848:9:isProcessExtLightTimerExpired	0	static
../source/Scan.c:2859:6:setAgcControlTimerMsec	0	static
../source/Scan.c:2866:6:clearAgcControlTimer	0	static
../source/Scan.c:2872:9:isAgcControlTimerExpired	0	static
../source/Scan.c:2879:6:setDelayScanTimer10Msec	0	static
../source/Scan.c:2886:6:clearDelayScanTimer	0	static
../source/Scan.c:2892:9:isDelayScanTimerExpired	0	static
../source/Scan.c:2898:6:setPDDelayTimerUsec	4	static
../source/Scan.c:2905:6:set_DelayTimerUsec	4	static
../source/Scan.c:2912:6:clearPDDelayTimer	0	static
../source/Scan.c:2918:9:isPDDelayTimerExpired	0	static
../source/Scan.c:2924:9:isDelayTimerExpired	0	static
../source/Scan.c:2930:6:Timer_Delay_us	0	static
../source/Scan.c:3105:9:checkExtLightNoise	152	static
../source/Scan.c:3268:9:compensateExtLightNoise	24	static
../source/Scan.c:3327:9:processExtLightNoise	32	static
../source/Scan.c:3370:10:Led_CurrentTbl_Adj_DAC	0	static
../source/Scan.c:3404:9:controlLEDLightIntensityWithTryCnt	88	static
../source/Scan.c:3885:9:LED_Auto_Gain_ControlWithTryCnt	16	static
../source/Scan.c:3895:6:setThresholdDataAxis	72	static
../source/Scan.c:4058:9:Calibration_Process	0	static
../source/Scan.c:4224:10:decideDeadCell	472	static
../source/Scan.c:4380:6:scanYAxisAuto	16	static
../source/Scan.c:4396:6:scanXAxisAuto	16	static
../source/Scan.c:4419:15:Scan_Process	24	static
