../source/Scan.c:2147:9:averageNonBlockLevel.part.0	32	static
../source/Scan.c:3453:9:controlLEDLightIntensityWithTryCnt.constprop	72	static
../source/Scan.c:3453:9:controlLEDLightIntensityWithTryCnt.constprop	72	static
../source/Scan.c:2542:6:setThresholdDataByAvgNonBlockLevel.constprop	36	static
../source/Scan.c:2542:6:setThresholdDataByAvgNonBlockLevel.constprop	48	static
../source/Scan.c:575:6:copySequenceTbl	32	static
../source/Scan.c:652:6:initializeScanHW	4	static
../source/Scan.c:668:6:Scan_Initialize	16	static
../source/Scan.c:1012:6:selectPDGroupExt	16	static
../source/Scan.c:1022:1:findStartScanSequenceIdx	16	static
../source/Scan.c:1122:6:storeAnOutAdcResult	4	static
../source/Scan.c:1208:9:scanAxisFull	112	static
../source/Scan.c:4107:9:Calibration_Process.part.0	80	static
../source/Scan.c:2147:9:averageNonBlockLevel	0	static
../source/Scan.c:2221:10:Scan_Data_Process	136	static
../source/Scan.c:2525:9:isInSideArea	0	static
../source/Scan.c:2542:6:setThresholdDataByAvgNonBlockLevel	64	static
../source/Scan.c:2673:9:getADCResultByPdIdxAndOffset	4	static
../source/Scan.c:2733:9:getADCResultByLedIdxAndOffset	8	static
../source/Scan.c:2793:9:getADCResultByDeviceIdx	4	static
../source/Scan.c:2851:6:software_reset	0	static
../source/Scan.c:2884:6:setProcessExtLightTimerMsec	0	static
../source/Scan.c:2891:6:clearProcessExtLightTimer	0	static
../source/Scan.c:2897:9:isProcessExtLightTimerExpired	0	static
../source/Scan.c:2908:6:setAgcControlTimerMsec	0	static
../source/Scan.c:2915:6:clearAgcControlTimer	0	static
../source/Scan.c:2921:9:isAgcControlTimerExpired	0	static
../source/Scan.c:2928:6:setDelayScanTimer10Msec	0	static
../source/Scan.c:2935:6:clearDelayScanTimer	0	static
../source/Scan.c:2941:9:isDelayScanTimerExpired	0	static
../source/Scan.c:2947:6:setPDDelayTimerUsec	4	static
../source/Scan.c:2954:6:set_DelayTimerUsec	4	static
../source/Scan.c:2961:6:clearPDDelayTimer	0	static
../source/Scan.c:2967:9:isPDDelayTimerExpired	0	static
../source/Scan.c:2973:9:isDelayTimerExpired	0	static
../source/Scan.c:2979:6:Timer_Delay_us	0	static
../source/Scan.c:3154:9:checkExtLightNoise	152	static
../source/Scan.c:3317:9:compensateExtLightNoise	24	static
../source/Scan.c:3376:9:processExtLightNoise	32	static
../source/Scan.c:3419:10:Led_CurrentTbl_Adj_DAC	0	static
../source/Scan.c:3453:9:controlLEDLightIntensityWithTryCnt	128	static
../source/Scan.c:3934:9:LED_Auto_Gain_ControlWithTryCnt	16	static
../source/Scan.c:3944:6:setThresholdDataAxis	72	static
../source/Scan.c:4107:9:Calibration_Process	0	static
../source/Scan.c:4273:10:decideDeadCell	504	static
../source/Scan.c:4429:6:scanYAxisAuto	16	static
../source/Scan.c:4445:6:scanXAxisAuto	16	static
../source/Scan.c:4468:15:Scan_Process	24	static
