../component/serial_manager/fsl_component_serial_port_uart.c:171:25:Serial_UartInit	0	static
../component/serial_manager/fsl_component_serial_port_uart.c:214:25:Serial_UartDeinit	8	static
../component/serial_manager/fsl_component_serial_port_uart.c:288:25:Serial_UartWrite	0	static
../component/serial_manager/fsl_component_serial_port_uart.c:302:25:Serial_UartRead	0	static
../component/serial_manager/fsl_component_serial_port_uart.c:396:25:Serial_UartEnterLowpower	8	static
../component/serial_manager/fsl_component_serial_port_uart.c:412:25:Serial_UartExitLowpower	8	static
