Archive member included to satisfy reference by file (symbol)

D:\Project\21.IR_Touch\BE_FW\wmc-ctsi-0850-fe-be-app\lib/libbackend_irt650_nxp2.a(backend_main.o)
                              ./source/app.o (BG_init_backend)
D:\Project\21.IR_Touch\BE_FW\wmc-ctsi-0850-fe-be-app\lib/libbackend_irt650_nxp2.a(backend_multi.o)
                              D:\Project\21.IR_Touch\BE_FW\wmc-ctsi-0850-fe-be-app\lib/libbackend_irt650_nxp2.a(backend_main.o) (BS_initial_polygon)
D:\Project\21.IR_Touch\BE_FW\wmc-ctsi-0850-fe-be-app\lib/libbackend_irt650_nxp2.a(backend_utils.o)
                              D:\Project\21.IR_Touch\BE_FW\wmc-ctsi-0850-fe-be-app\lib/libbackend_irt650_nxp2.a(backend_main.o) (BS_malloc_init)
D:\Project\21.IR_Touch\BE_FW\wmc-ctsi-0850-fe-be-app\lib/libbackend_irt650_nxp2.a(IRTP_layout.o)
                              D:\Project\21.IR_Touch\BE_FW\wmc-ctsi-0850-fe-be-app\lib/libbackend_irt650_nxp2.a(backend_main.o) (BS_large_pitch_end_y)
D:\Project\21.IR_Touch\BE_FW\wmc-ctsi-0850-fe-be-app\lib/libbackend_irt650_nxp2.a(backend_debug.o)
                              D:\Project\21.IR_Touch\BE_FW\wmc-ctsi-0850-fe-be-app\lib/libbackend_irt650_nxp2.a(backend_main.o) (maxClipIdx)
D:\Project\21.IR_Touch\BE_FW\wmc-ctsi-0850-fe-be-app\lib/libbackend_irt650_nxp2.a(backend_fine.o)
                              D:\Project\21.IR_Touch\BE_FW\wmc-ctsi-0850-fe-be-app\lib/libbackend_irt650_nxp2.a(backend_main.o) (BS_initial_line_a_x)
c:/nxp/mcuxpressoide_11.7.0_9198/ide/plugins/com.nxp.mcuxpresso.tools.win32_11.7.0.202209140929/tools/bin/../lib/gcc/arm-none-eabi/10.3.1/../../../../arm-none-eabi/lib/thumb/v7e-m+fp/hard\libcr_nohost_nf.a(_cr__main.o)
                              ./startup/startup_mimxrt1064.o (__main)
c:/nxp/mcuxpressoide_11.7.0_9198/ide/plugins/com.nxp.mcuxpresso.tools.win32_11.7.0.202209140929/tools/bin/../lib/gcc/arm-none-eabi/10.3.1/../../../../arm-none-eabi/lib/thumb/v7e-m+fp/hard\libcr_c.a(memcpy.o)
                              ./utilities/fsl_str.o (memcpy)
c:/nxp/mcuxpressoide_11.7.0_9198/ide/plugins/com.nxp.mcuxpresso.tools.win32_11.7.0.202209140929/tools/bin/../lib/gcc/arm-none-eabi/10.3.1/../../../../arm-none-eabi/lib/thumb/v7e-m+fp/hard\libcr_c.a(memset.o)
                              ./utilities/fsl_debug_console.o (memset)
c:/nxp/mcuxpressoide_11.7.0_9198/ide/plugins/com.nxp.mcuxpresso.tools.win32_11.7.0.202209140929/tools/bin/../lib/gcc/arm-none-eabi/10.3.1/../../../../arm-none-eabi/lib/thumb/v7e-m+fp/hard\libcr_c.a(alloc.o)
                              ./drivers/fsl_common.o (malloc)
c:/nxp/mcuxpressoide_11.7.0_9198/ide/plugins/com.nxp.mcuxpresso.tools.win32_11.7.0.202209140929/tools/bin/../lib/gcc/arm-none-eabi/10.3.1/../../../../arm-none-eabi/lib/thumb/v7e-m+fp/hard\libcr_c.a(errno.o)
                              ./utilities/fsl_str.o (errno)
c:/nxp/mcuxpressoide_11.7.0_9198/ide/plugins/com.nxp.mcuxpresso.tools.win32_11.7.0.202209140929/tools/bin/../lib/gcc/arm-none-eabi/10.3.1/../../../../arm-none-eabi/lib/thumb/v7e-m+fp/hard\libcr_c.a(initio.o)
                              c:/nxp/mcuxpressoide_11.7.0_9198/ide/plugins/com.nxp.mcuxpresso.tools.win32_11.7.0.202209140929/tools/bin/../lib/gcc/arm-none-eabi/10.3.1/../../../../arm-none-eabi/lib/thumb/v7e-m+fp/hard\libcr_nohost_nf.a(_cr__main.o) (_initio)
c:/nxp/mcuxpressoide_11.7.0_9198/ide/plugins/com.nxp.mcuxpresso.tools.win32_11.7.0.202209140929/tools/bin/../lib/gcc/arm-none-eabi/10.3.1/../../../../arm-none-eabi/lib/thumb/v7e-m+fp/hard\libcr_c.a(printf.o)
                              ./source/Scan.o (_printf)
c:/nxp/mcuxpressoide_11.7.0_9198/ide/plugins/com.nxp.mcuxpresso.tools.win32_11.7.0.202209140929/tools/bin/../lib/gcc/arm-none-eabi/10.3.1/../../../../arm-none-eabi/lib/thumb/v7e-m+fp/hard\libcr_c.a(scanf.o)
                              ./source/dlt.o (strtol)
c:/nxp/mcuxpressoide_11.7.0_9198/ide/plugins/com.nxp.mcuxpresso.tools.win32_11.7.0.202209140929/tools/bin/../lib/gcc/arm-none-eabi/10.3.1/../../../../arm-none-eabi/lib/thumb/v7e-m+fp/hard\libcr_c.a(setvbuf.o)
                              c:/nxp/mcuxpressoide_11.7.0_9198/ide/plugins/com.nxp.mcuxpresso.tools.win32_11.7.0.202209140929/tools/bin/../lib/gcc/arm-none-eabi/10.3.1/../../../../arm-none-eabi/lib/thumb/v7e-m+fp/hard\libcr_c.a(initio.o) (setvbuf)
c:/nxp/mcuxpressoide_11.7.0_9198/ide/plugins/com.nxp.mcuxpresso.tools.win32_11.7.0.202209140929/tools/bin/../lib/gcc/arm-none-eabi/10.3.1/../../../../arm-none-eabi/lib/thumb/v7e-m+fp/hard\libcr_c.a(strchr.o)
                              ./source/dlt.o (strchr)
c:/nxp/mcuxpressoide_11.7.0_9198/ide/plugins/com.nxp.mcuxpresso.tools.win32_11.7.0.202209140929/tools/bin/../lib/gcc/arm-none-eabi/10.3.1/../../../../arm-none-eabi/lib/thumb/v7e-m+fp/hard\libcr_c.a(strlen.o)
                              ./utilities/fsl_str.o (strlen)
[...]
Memory Configuration

Name             Origin             Length             Attributes
PROGRAM_FLASH    0x70020000         0x001ef000         xr
SRAM_DTC         0x20000000         0x00020000         xrw
SRAM_ITC         0x00000000         0x00020000         xrw
SRAM_OC          0x20200000         0x000c0000         xrw
*default*        0x00000000         0xffffffff

Linker script and memory map

LOAD ./xip/evkmimxrt1064_flexspi_nor_config.o
LOAD ./xip/fsl_flexspi_nor_boot.o
LOAD ./utilities/fsl_assert.o
LOAD ./utilities/fsl_debug_console.o
LOAD ./utilities/fsl_str.o
LOAD ./usb/phy/usb_phy.o
LOAD ./usb/device/source/ehci/usb_device_ehci.o
LOAD ./usb/device/source/usb_device_ch9.o
LOAD ./usb/device/source/usb_device_dci.o
LOAD ./usb/device/class/hid/usb_device_hid.o
LOAD ./usb/device/class/cdc/usb_device_cdc_acm.o
LOAD ./usb/device/class/usb_device_class.o
LOAD ./startup/startup_mimxrt1064.o
LOAD ./source/CTSI_0650_NXP_scan_table.o
LOAD ./source/Scan.o
LOAD ./source/adc.o
LOAD ./source/aes.o
LOAD ./source/app.o
LOAD ./source/backend_postp.o
LOAD ./source/bezier.o
LOAD ./source/composite.o
LOAD ./source/delay.o
LOAD ./source/dlt.o
LOAD ./source/gpio.o
LOAD ./source/gpt.o
LOAD ./source/hid_generic.o
LOAD ./source/hid_mouse.o
LOAD ./source/pitch_table.o
LOAD ./source/scan_table.o
LOAD ./source/semihost_hardfault.o
LOAD ./source/speed_test_float.o
LOAD ./source/uartCommand.o
LOAD ./source/usb_device_descriptor.o
LOAD ./source/virtual_com.o
LOAD ./drivers/fsl_adc.o
LOAD ./drivers/fsl_clock.o
LOAD ./drivers/fsl_common.o
LOAD ./drivers/fsl_common_arm.o
LOAD ./drivers/fsl_gpio.o
LOAD ./drivers/fsl_gpt.o
LOAD ./drivers/fsl_lpuart.o
LOAD ./drivers/fsl_qtmr.o
LOAD ./drivers/fsl_wdog.o
LOAD ./drivers/fsl_xbara.o
LOAD ./device/system_MIMXRT1064.o
LOAD ./component/uart/fsl_adapter_lpuart.o
LOAD ./component/serial_manager/fsl_component_serial_manager.o
LOAD ./component/serial_manager/fsl_component_serial_port_uart.o
LOAD ./component/osa/fsl_os_abstraction_bm.o
LOAD ./component/lists/fsl_component_generic_list.o
LOAD ./board/board.o
LOAD ./board/clock_config.o
LOAD ./board/dcd.o
LOAD ./board/peripherals.o
LOAD ./board/pin_mux.o
LOAD D:\Project\21.IR_Touch\BE_FW\wmc-ctsi-0850-fe-be-app\lib/libbackend_irt650_nxp2.a
START GROUP
LOAD c:/nxp/mcuxpressoide_11.7.0_9198/ide/plugins/com.nxp.mcuxpresso.tools.win32_11.7.0.202209140929/tools/bin/../lib/gcc/arm-none-eabi/10.3.1/../../../../arm-none-eabi/lib/thumb/v7e-m+fp/hard\libcr_nohost_nf.a
LOAD c:/nxp/mcuxpressoide_11.7.0_9198/ide/plugins/com.nxp.mcuxpresso.tools.win32_11.7.0.202209140929/tools/bin/../lib/gcc/arm-none-eabi/10.3.1/../../../../arm-none-eabi/lib/thumb/v7e-m+fp/hard\libcr_c.a
LOAD c:/nxp/mcuxpressoide_11.7.0_9198/ide/plugins/com.nxp.mcuxpresso.tools.win32_11.7.0.202209140929/tools/bin/../lib/gcc/arm-none-eabi/10.3.1/thumb/v7e-m+fp/hard\libcr_eabihelpers.a
LOAD c:/nxp/mcuxpressoide_11.7.0_9198/ide/plugins/com.nxp.mcuxpresso.tools.win32_11.7.0.202209140929/tools/bin/../lib/gcc/arm-none-eabi/10.3.1/thumb/v7e-m+fp/hard\libgcc.a
END GROUP
                0x70020000                __base_PROGRAM_FLASH = 0x70020000
                0x70020000                __base_Flash = 0x70020000
                0x7020f000                __top_PROGRAM_FLASH = 0x7020f000
                0x7020f000                __top_Flash = 0x7020f000
                0x20000000                __base_SRAM_DTC = 0x20000000
                0x20000000                __base_RAM = 0x20000000
                0x20020000                __top_SRAM_DTC = 0x20020000
                0x20020000                __top_RAM = 0x20020000
                0x00000000                __base_SRAM_ITC = 0x0
                0x00000000                __base_RAM2 = 0x0
                0x00020000                __top_SRAM_ITC = 0x20000
                0x00020000                __top_RAM2 = 0x20000
                0x20200000                __base_SRAM_OC = 0x20200000
                0x20200000                __base_RAM3 = 0x20200000
                0x202c0000                __top_SRAM_OC = 0x202c0000
                0x202c0000                __top_RAM3 = 0x202c0000

.boot_hdr       0x70020000     0x2000
 FILL mask 0xff
                0x70020000                __boot_hdr_start__ = ABSOLUTE (.)
 *(SORT_BY_ALIGNMENT(.boot_hdr.conf))
 .boot_hdr.conf
                0x70020000      0x200 ./xip/evkmimxrt1064_flexspi_nor_config.o
                0x70020000                qspiflash_config
                0x00001000                . = 0x1000
 *fill*         0x70020200      0xe00 ff
 *(SORT_BY_ALIGNMENT(.boot_hdr.ivt))
 .boot_hdr.ivt  0x70021000       0x20 ./xip/fsl_flexspi_nor_boot.o
                0x70021000                image_vector_table
                0x00001020                . = 0x1020
 *(SORT_BY_ALIGNMENT(.boot_hdr.boot_data))
 .boot_hdr.boot_data
                0x70021020       0x10 ./xip/fsl_flexspi_nor_boot.o
                0x70021020                g_boot_data
                0x00001030                . = 0x1030
 *(SORT_BY_ALIGNMENT(.boot_hdr.dcd_data))
                0x70021030                __boot_hdr_end__ = ABSOLUTE (.)
                0x00002000                . = 0x2000
 *fill*         0x70021030      0xfd0 ff

.text           0x70022000      0x478
 FILL mask 0xff
                0x70022000                __vectors_start__ = ABSOLUTE (.)
 *(SORT_BY_ALIGNMENT(.isr_vector))
 .isr_vector    0x70022000      0x2b8 ./startup/startup_mimxrt1064.o
                0x70022000                g_pfnVectors
                0x70022000                __Vectors
                0x700222b8                . = ALIGN (0x4)
                0x700222b8                __section_table_start = .
                0x700222b8                __data_section_table = .
                0x700222b8        0x4 LONG 0x70050a84 LOADADDR (.data)
                0x700222bc        0x4 LONG 0x20000000 ADDR (.data)
                0x700222c0        0x4 LONG 0x518 SIZEOF (.data)
                0x700222c4        0x4 LONG 0x7004c8f4 LOADADDR (.data_RAM2)
                0x700222c8        0x4 LONG 0x0 ADDR (.data_RAM2)
                0x700222cc        0x4 LONG 0x4190 SIZEOF (.data_RAM2)
                0x700222d0        0x4 LONG 0x70050a84 LOADADDR (.data_RAM3)
                0x700222d4        0x4 LONG 0x20200000 ADDR (.data_RAM3)
                0x700222d8        0x4 LONG 0x0 SIZEOF (.data_RAM3)
                0x700222dc                __data_section_table_end = .
                0x700222dc                __bss_section_table = .
                0x700222dc        0x4 LONG 0x20000800 ADDR (.bss)
                0x700222e0        0x4 LONG 0xeb78 SIZEOF (.bss)
                0x700222e4        0x4 LONG 0x4190 ADDR (.bss_RAM2)
                0x700222e8        0x4 LONG 0x14e90 SIZEOF (.bss_RAM2)
                0x700222ec        0x4 LONG 0x20200000 ADDR (.bss_RAM3)
                0x700222f0        0x4 LONG 0x6d7d4 SIZEOF (.bss_RAM3)
                0x700222f4                __bss_section_table_end = .
                0x700222f4                __section_table_end = .
 *(SORT_BY_ALIGNMENT(.after_vectors*))
 *fill*         0x700222f4        0x4 ff
 .after_vectors.reset
                0x700222f8      0x158 ./startup/startup_mimxrt1064.o
                0x700222f8                ResetISR
 .after_vectors
                0x70022450       0x28 ./startup/startup_mimxrt1064.o
                0x70022450                NMI_Handler
                0x70022458                MemManage_Handler
                0x7002245c                BusFault_Handler
                0x70022460                UsageFault_Handler
                0x70022464                SVC_Handler
                0x70022468                DebugMon_Handler
                0x7002246c                PendSV_Handler
                0x70022470                SysTick_Handler
                0x70022474                PIT_DriverIRQHandler
                0x70022474                PMU_EVENT_DriverIRQHandler
                0x70022474                PWM4_FAULT_DriverIRQHandler
                0x70022474                DMA13_DMA29_DriverIRQHandler
                0x70022474                SAI3_RX_DriverIRQHandler
                0x70022474                LPSPI4_DriverIRQHandler
                0x70022474                SEMC_DriverIRQHandler
                0x70022474                SPDIF_DriverIRQHandler
                0x70022474                CCM_2_DriverIRQHandler
                0x70022474                PWM4_3_DriverIRQHandler
                0x70022474                ENET2_DriverIRQHandler
                0x70022474                FLEXRAM_DriverIRQHandler
                0x70022474                LCDIF_DriverIRQHandler
                0x70022474                USB_PHY1_DriverIRQHandler
                0x70022474                GPIO3_Combined_0_15_DriverIRQHandler
                0x70022474                CAN3_DriverIRQHandler
                0x70022474                Reserved171_DriverIRQHandler
                0x70022474                DMA7_DMA23_DriverIRQHandler
                0x70022474                BEE_DriverIRQHandler
                0x70022474                LPI2C3_DriverIRQHandler
                0x70022474                GPR_IRQ_DriverIRQHandler
                0x70022474                PWM2_FAULT_DriverIRQHandler
                0x70022474                PWM3_1_DriverIRQHandler
                0x70022474                DMA14_DMA30_DriverIRQHandler
                0x70022474                TMR1_DriverIRQHandler
                0x70022474                TRNG_DriverIRQHandler
                0x70022474                PWM3_2_DriverIRQHandler
                0x70022474                ENET_1588_Timer_DriverIRQHandler
                0x70022474                FLEXIO2_DriverIRQHandler
                0x70022474                GPIO2_Combined_16_31_DriverIRQHandler
                0x70022474                Reserved143_DriverIRQHandler
                0x70022474                LPSPI2_DriverIRQHandler
                0x70022474                PWM4_1_DriverIRQHandler
                0x70022474                PWM3_3_DriverIRQHandler
                0x70022474                DMA0_DMA16_DriverIRQHandler
                0x70022474                IntDefaultHandler
                0x70022474                DMA2_DMA18_DriverIRQHandler
                0x70022474                SRC_DriverIRQHandler
                0x70022474                GPIO1_INT4_DriverIRQHandler
                0x70022474                Reserved144_DriverIRQHandler
                0x70022474                USDHC1_DriverIRQHandler
                0x70022474                ENC3_DriverIRQHandler
                0x70022474                PWM3_FAULT_DriverIRQHandler
                0x70022474                EWM_DriverIRQHandler
                0x70022474                FLEXSPI2_DriverIRQHandler
                0x70022474                WDOG1_DriverIRQHandler
                0x70022474                FLEXIO1_DriverIRQHandler
                0x70022474                ENET_DriverIRQHandler
                0x70022474                Reserved78_DriverIRQHandler
                0x70022474                TMR4_DriverIRQHandler
                0x70022474                ENC2_DriverIRQHandler
                0x70022474                ADC_ETC_IRQ2_DriverIRQHandler
                0x70022474                GPIO1_Combined_16_31_DriverIRQHandler
                0x70022474                GPIO1_INT7_DriverIRQHandler
                0x70022474                SAI1_DriverIRQHandler
                0x70022474                DCDC_DriverIRQHandler
                0x70022474                DMA12_DMA28_DriverIRQHandler
                0x70022474                PWM4_0_DriverIRQHandler
                0x70022474                ADC_ETC_ERROR_IRQ_DriverIRQHandler
                0x70022474                ACMP2_DriverIRQHandler
                0x70022474                GPIO5_Combined_0_15_DriverIRQHandler
                0x70022474                GPIO1_INT0_DriverIRQHandler
                0x70022474                GPIO1_INT2_DriverIRQHandler
                0x70022474                RTWDOG_DriverIRQHandler
                0x70022474                FLEXSPI_DriverIRQHandler
                0x70022474                GPT2_DriverIRQHandler
                0x70022474                USB_PHY2_DriverIRQHandler
                0x70022474                DMA10_DMA26_DriverIRQHandler
                0x70022474                PWM2_1_DriverIRQHandler
                0x70022474                PWM1_1_DriverIRQHandler
                0x70022474                PXP_DriverIRQHandler
                0x70022474                ADC1_DriverIRQHandler
                0x70022474                PWM1_0_DriverIRQHandler
                0x70022474                SJC_DriverIRQHandler
                0x70022474                DMA1_DMA17_DriverIRQHandler
                0x70022474                ENC1_DriverIRQHandler
                0x70022474                ENC4_DriverIRQHandler
                0x70022474                CAN2_DriverIRQHandler
                0x70022474                DCP_DriverIRQHandler
                0x70022474                CTI0_ERROR_DriverIRQHandler
                0x70022474                DMA8_DMA24_DriverIRQHandler
                0x70022474                GPT1_DriverIRQHandler
                0x70022474                ACMP3_DriverIRQHandler
                0x70022474                DMA6_DMA22_DriverIRQHandler
                0x70022474                CSU_DriverIRQHandler
                0x70022474                GPIO1_INT5_DriverIRQHandler
                0x70022474                TMR3_DriverIRQHandler
                0x70022474                TMR2_DriverIRQHandler
                0x70022474                CTI1_ERROR_DriverIRQHandler
                0x70022474                GPIO1_Combined_0_15_DriverIRQHandler
                0x70022474                USDHC2_DriverIRQHandler
                0x70022474                PWM4_2_DriverIRQHandler
                0x70022474                KPP_DriverIRQHandler
                0x70022474                SAI2_DriverIRQHandler
                0x70022474                CORE_DriverIRQHandler
                0x70022474                TSC_DIG_DriverIRQHandler
                0x70022474                DMA11_DMA27_DriverIRQHandler
                0x70022474                CSI_DriverIRQHandler
                0x70022474                PWM2_3_DriverIRQHandler
                0x70022474                XBAR1_IRQ_2_3_DriverIRQHandler
                0x70022474                SNVS_HP_WRAPPER_TZ_DriverIRQHandler
                0x70022474                GPIO3_Combined_16_31_DriverIRQHandler
                0x70022474                PWM1_FAULT_DriverIRQHandler
                0x70022474                LPI2C1_DriverIRQHandler
                0x70022474                ENET2_1588_Timer_DriverIRQHandler
                0x70022474                PWM2_2_DriverIRQHandler
                0x70022474                DMA4_DMA20_DriverIRQHandler
                0x70022474                DMA9_DMA25_DriverIRQHandler
                0x70022474                SNVS_HP_WRAPPER_DriverIRQHandler
                0x70022474                XBAR1_IRQ_0_1_DriverIRQHandler
                0x70022474                ADC_ETC_IRQ1_DriverIRQHandler
                0x70022474                LPSPI1_DriverIRQHandler
                0x70022474                DMA3_DMA19_DriverIRQHandler
                0x70022474                GPIO1_INT3_DriverIRQHandler
                0x70022474                DCP_VMI_DriverIRQHandler
                0x70022474                LPI2C4_DriverIRQHandler
                0x70022474                GPC_DriverIRQHandler
                0x70022474                GPIO2_Combined_0_15_DriverIRQHandler
                0x70022474                PWM1_2_DriverIRQHandler
                0x70022474                USB_OTG1_DriverIRQHandler
                0x70022474                TEMP_LOW_HIGH_DriverIRQHandler
                0x70022474                SAI3_TX_DriverIRQHandler
                0x70022474                FLEXIO3_DriverIRQHandler
                0x70022474                WDOG2_DriverIRQHandler
                0x70022474                Reserved68_DriverIRQHandler
                0x70022474                PWM3_0_DriverIRQHandler
                0x70022474                GPIO4_Combined_0_15_DriverIRQHandler
                0x70022474                GPIO4_Combined_16_31_DriverIRQHandler
                0x70022474                GPIO6_7_8_9_DriverIRQHandler
                0x70022474                GPIO5_Combined_16_31_DriverIRQHandler
                0x70022474                DMA5_DMA21_DriverIRQHandler
                0x70022474                CCM_1_DriverIRQHandler
                0x70022474                ADC2_DriverIRQHandler
                0x70022474                Reserved115_DriverIRQHandler
                0x70022474                TEMP_PANIC_DriverIRQHandler
                0x70022474                ACMP4_DriverIRQHandler
                0x70022474                DMA15_DMA31_DriverIRQHandler
                0x70022474                LPSPI3_DriverIRQHandler
                0x70022474                PWM1_3_DriverIRQHandler
                0x70022474                ACMP1_DriverIRQHandler
                0x70022474                LPI2C2_DriverIRQHandler
                0x70022474                Reserved86_DriverIRQHandler
                0x70022474                GPIO10_DriverIRQHandler
                0x70022474                DMA_ERROR_DriverIRQHandler
                0x70022474                ADC_ETC_IRQ0_DriverIRQHandler
                0x70022474                CAN1_DriverIRQHandler
                0x70022474                GPIO1_INT6_DriverIRQHandler
                0x70022474                GPIO1_INT1_DriverIRQHandler
                0x70022474                PWM2_0_DriverIRQHandler
                0x70022474                SNVS_LP_WRAPPER_DriverIRQHandler
                0x70022474                USB_OTG2_DriverIRQHandler

.glue_7         0x70022478        0x0
 .glue_7        0x70022478        0x0 linker stubs

.glue_7t        0x70022478        0x0
 .glue_7t       0x70022478        0x0 linker stubs

.vfp11_veneer   0x70022478        0x0
 .vfp11_veneer  0x70022478        0x0 linker stubs

.v4_bx          0x70022478        0x0
 .v4_bx         0x70022478        0x0 linker stubs

.iplt           0x70022478        0x0
 .iplt          0x70022478        0x0 ./xip/fsl_flexspi_nor_boot.o

.text           0x70022478    0x2a47c
 *(SORT_BY_ALIGNMENT(.text*))
 .text.USB_EhciPhyInit
                0x70022478       0xc8 ./usb/phy/usb_phy.o
                0x70022478                USB_EhciPhyInit
 .text.USB_DeviceEhciInit
                0x70022540       0xc0 ./usb/device/source/ehci/usb_device_ehci.o
                0x70022540                USB_DeviceEhciInit
 .text.s_coordinates_conversion_brush_report_delay
                0x70022600      0xc80 ./source/backend_postp.o
                0x70022600                s_coordinates_conversion_brush_report_delay
 .text.DbgConsole_Init
                0x70023280       0x88 ./utilities/fsl_debug_console.o
                0x70023280                DbgConsole_Init
 .text.USB_DeviceEhciSetDefaultState
                0x70023308      0x2c4 ./usb/device/source/ehci/usb_device_ehci.o
 .text.USB_DeviceEhciTransfer
                0x700235cc      0x254 ./usb/device/source/ehci/usb_device_ehci.o
 .text.USB_DeviceEhciCancelControlPipe
                0x70023820       0xe4 ./usb/device/source/ehci/usb_device_ehci.o
 .text.USB_DeviceEhciDeinit
                0x70023904       0x3c ./usb/device/source/ehci/usb_device_ehci.o
                0x70023904                USB_DeviceEhciDeinit
 .text.USB_DeviceEhciSend
                0x70023940        0xc ./usb/device/source/ehci/usb_device_ehci.o
                0x70023940                USB_DeviceEhciSend
 .text.USB_DeviceEhciRecv
                0x7002394c        0x8 ./usb/device/source/ehci/usb_device_ehci.o
                0x7002394c                USB_DeviceEhciRecv
 .text.USB_DeviceEhciCancel
                0x70023954      0x1ac ./usb/device/source/ehci/usb_device_ehci.o
                0x70023954                USB_DeviceEhciCancel
 .text.USB_DeviceEhciEndpointDeinit
                0x70023b00       0x80 ./usb/device/source/ehci/usb_device_ehci.o
 .text.USB_DeviceEhciControl
                0x70023b80      0x30c ./usb/device/source/ehci/usb_device_ehci.o
                0x70023b80                USB_DeviceEhciControl
 .text.USB_DeviceEhciIsrFunction
                0x70023e8c      0x380 ./usb/device/source/ehci/usb_device_ehci.o
                0x70023e8c                USB_DeviceEhciIsrFunction
 .text.USB_DeviceEhciFullSpeed
                0x7002420c        0xc ./usb/device/source/ehci/usb_device_ehci.o
                0x7002420c                USB_DeviceEhciFullSpeed
 .text.USB_DeviceCh9GetDescriptor
                0x70024218      0x138 ./usb/device/source/usb_device_ch9.o
 .text.USB_DeviceCh9SetConfiguration
                0x70024350       0x80 ./usb/device/source/usb_device_ch9.o
 .text.USB_DeviceCh9SetAddress
                0x700243d0       0x80 ./usb/device/source/usb_device_ch9.o
 .text.USB_DeviceCh9SetClearFeature
                0x70024450       0xa0 ./usb/device/source/usb_device_ch9.o
 .text.USB_DeviceCh9GetStatus
                0x700244f0       0xbc ./usb/device/source/usb_device_ch9.o
 .text.USB_DeviceCh9GetConfiguration
                0x700245ac       0x5c ./usb/device/source/usb_device_ch9.o
 .text.USB_DeviceCh9GetInterface
                0x70024608       0x70 ./usb/device/source/usb_device_ch9.o
 .text.USB_DeviceCh9SetInterface
                0x70024678       0x64 ./usb/device/source/usb_device_ch9.o
 .text.USB_DeviceCh9SynchFrame
                0x700246dc       0x6c ./usb/device/source/usb_device_ch9.o
 .text.USB_DeviceControlCallback
                0x70024748      0x228 ./usb/device/source/usb_device_ch9.o
 .text.USB_DeviceControlPipeInit
                0x70024970       0x50 ./usb/device/source/usb_device_ch9.o
                0x70024970                USB_DeviceControlPipeInit
 .text.USB_DeviceNotificationTrigger
                0x700249c0      0x13c ./usb/device/source/usb_device_dci.o
                0x700249c0                USB_DeviceNotificationTrigger
 .text.USB_DeviceInit
                0x70024afc      0x154 ./usb/device/source/usb_device_dci.o
                0x70024afc                USB_DeviceInit
 .text.USB_DeviceRun
                0x70024c50       0x18 ./usb/device/source/usb_device_dci.o
                0x70024c50                USB_DeviceRun
 .text.USB_DeviceDeinit
                0x70024c68       0x38 ./usb/device/source/usb_device_dci.o
                0x70024c68                USB_DeviceDeinit
 .text.USB_DeviceSendRequest
                0x70024ca0       0xa0 ./usb/device/source/usb_device_dci.o
                0x70024ca0                USB_DeviceSendRequest
 .text.USB_DeviceRecvRequest
                0x70024d40       0x90 ./usb/device/source/usb_device_dci.o
                0x70024d40                USB_DeviceRecvRequest
 .text.USB_DeviceInitEndpoint
                0x70024dd0       0x58 ./usb/device/source/usb_device_dci.o
                0x70024dd0                USB_DeviceInitEndpoint
 .text.USB_DeviceDeinitEndpoint
                0x70024e28       0x50 ./usb/device/source/usb_device_dci.o
                0x70024e28                USB_DeviceDeinitEndpoint
 .text.USB_DeviceStallEndpoint
                0x70024e78       0x3c ./usb/device/source/usb_device_dci.o
                0x70024e78                USB_DeviceStallEndpoint
 .text.USB_DeviceUnstallEndpoint
                0x70024eb4       0x3c ./usb/device/source/usb_device_dci.o
                0x70024eb4                USB_DeviceUnstallEndpoint
 .text.USB_DeviceGetStatus
                0x70024ef0       0x88 ./usb/device/source/usb_device_dci.o
                0x70024ef0                USB_DeviceGetStatus
 .text.USB_DeviceSetStatus
                0x70024f78       0xc0 ./usb/device/source/usb_device_dci.o
                0x70024f78                USB_DeviceSetStatus
 .text.USB_DeviceHidInterruptIn
                0x70025038       0x20 ./usb/device/class/hid/usb_device_hid.o
 .text.USB_DeviceHidInterruptOut
                0x70025058       0x20 ./usb/device/class/hid/usb_device_hid.o
 .text.USB_DeviceHidEndpointsInit
                0x70025078      0x10c ./usb/device/class/hid/usb_device_hid.o
 .text.USB_DeviceHidEvent
                0x70025184      0x2ec ./usb/device/class/hid/usb_device_hid.o
                0x70025184                USB_DeviceHidEvent
 .text.USB_DeviceHidInit
                0x70025470       0x50 ./usb/device/class/hid/usb_device_hid.o
                0x70025470                USB_DeviceHidInit
 .text.USB_DeviceHidSend
                0x700254c0       0x38 ./usb/device/class/hid/usb_device_hid.o
                0x700254c0                USB_DeviceHidSend
 .text.USB_DeviceHidRecv
                0x700254f8       0x38 ./usb/device/class/hid/usb_device_hid.o
                0x700254f8                USB_DeviceHidRecv
 .text.USB_DeviceClassGetDeviceHandle
                0x70025530       0x3c ./usb/device/class/usb_device_class.o
                0x70025530                USB_DeviceClassGetDeviceHandle
 .text.USB_DeviceClassEvent
                0x7002556c       0xa0 ./usb/device/class/usb_device_class.o
                0x7002556c                USB_DeviceClassEvent
 .text.USB_DeviceClassCallback
                0x7002560c       0x5c ./usb/device/class/usb_device_class.o
                0x7002560c                USB_DeviceClassCallback
 .text.USB_DeviceClassInit
                0x70025668      0x124 ./usb/device/class/usb_device_class.o
                0x70025668                USB_DeviceClassInit
 .text.USB_DeviceClassGetSpeed
                0x7002578c       0x44 ./usb/device/class/usb_device_class.o
                0x7002578c                USB_DeviceClassGetSpeed
 .text.DMA0_DMA16_IRQHandler
                0x700257d0        0x8 ./startup/startup_mimxrt1064.o
                0x700257d0                DMA0_DMA16_IRQHandler
 .text.DMA1_DMA17_IRQHandler
                0x700257d8        0x8 ./startup/startup_mimxrt1064.o
                0x700257d8                DMA1_DMA17_IRQHandler
 .text.DMA2_DMA18_IRQHandler
                0x700257e0        0x8 ./startup/startup_mimxrt1064.o
                0x700257e0                DMA2_DMA18_IRQHandler
 .text.DMA3_DMA19_IRQHandler
                0x700257e8        0x8 ./startup/startup_mimxrt1064.o
                0x700257e8                DMA3_DMA19_IRQHandler
 .text.DMA4_DMA20_IRQHandler
                0x700257f0        0x8 ./startup/startup_mimxrt1064.o
                0x700257f0                DMA4_DMA20_IRQHandler
 .text.DMA5_DMA21_IRQHandler
                0x700257f8        0x8 ./startup/startup_mimxrt1064.o
                0x700257f8                DMA5_DMA21_IRQHandler
 .text.DMA6_DMA22_IRQHandler
                0x70025800        0x8 ./startup/startup_mimxrt1064.o
                0x70025800                DMA6_DMA22_IRQHandler
 .text.DMA7_DMA23_IRQHandler
                0x70025808        0x8 ./startup/startup_mimxrt1064.o
                0x70025808                DMA7_DMA23_IRQHandler
 .text.DMA8_DMA24_IRQHandler
                0x70025810        0x8 ./startup/startup_mimxrt1064.o
                0x70025810                DMA8_DMA24_IRQHandler
 .text.DMA9_DMA25_IRQHandler
                0x70025818        0x8 ./startup/startup_mimxrt1064.o
                0x70025818                DMA9_DMA25_IRQHandler
 .text.DMA10_DMA26_IRQHandler
                0x70025820        0x8 ./startup/startup_mimxrt1064.o
                0x70025820                DMA10_DMA26_IRQHandler
 .text.DMA11_DMA27_IRQHandler
                0x70025828        0x8 ./startup/startup_mimxrt1064.o
                0x70025828                DMA11_DMA27_IRQHandler
 .text.DMA12_DMA28_IRQHandler
                0x70025830        0x8 ./startup/startup_mimxrt1064.o
                0x70025830                DMA12_DMA28_IRQHandler
 .text.DMA13_DMA29_IRQHandler
                0x70025838        0x8 ./startup/startup_mimxrt1064.o
                0x70025838                DMA13_DMA29_IRQHandler
 .text.DMA14_DMA30_IRQHandler
                0x70025840        0x8 ./startup/startup_mimxrt1064.o
                0x70025840                DMA14_DMA30_IRQHandler
 .text.DMA15_DMA31_IRQHandler
                0x70025848        0x8 ./startup/startup_mimxrt1064.o
                0x70025848                DMA15_DMA31_IRQHandler
 .text.DMA_ERROR_IRQHandler
                0x70025850        0x8 ./startup/startup_mimxrt1064.o
                0x70025850                DMA_ERROR_IRQHandler
 .text.CTI0_ERROR_IRQHandler
                0x70025858        0x8 ./startup/startup_mimxrt1064.o
                0x70025858                CTI0_ERROR_IRQHandler
 .text.CTI1_ERROR_IRQHandler
                0x70025860        0x8 ./startup/startup_mimxrt1064.o
                0x70025860                CTI1_ERROR_IRQHandler
 .text.CORE_IRQHandler
                0x70025868        0x8 ./startup/startup_mimxrt1064.o
                0x70025868                CORE_IRQHandler
 .text.LPUART1_IRQHandler
                0x70025870        0x8 ./startup/startup_mimxrt1064.o
                0x70025870                LPUART1_IRQHandler
 .text.LPUART2_IRQHandler
                0x70025878        0x8 ./startup/startup_mimxrt1064.o
                0x70025878                LPUART2_IRQHandler
 .text.LPUART3_IRQHandler
                0x70025880        0x8 ./startup/startup_mimxrt1064.o
                0x70025880                LPUART3_IRQHandler
 .text.LPUART4_IRQHandler
                0x70025888        0x8 ./startup/startup_mimxrt1064.o
                0x70025888                LPUART4_IRQHandler
 .text.LPUART5_IRQHandler
                0x70025890        0x8 ./startup/startup_mimxrt1064.o
                0x70025890                LPUART5_IRQHandler
 .text.LPUART6_IRQHandler
                0x70025898        0x8 ./startup/startup_mimxrt1064.o
                0x70025898                LPUART6_IRQHandler
 .text.LPUART7_IRQHandler
                0x700258a0        0x8 ./startup/startup_mimxrt1064.o
                0x700258a0                LPUART7_IRQHandler
 .text.LPUART8_IRQHandler
                0x700258a8        0x8 ./startup/startup_mimxrt1064.o
                0x700258a8                LPUART8_IRQHandler
 .text.LPI2C1_IRQHandler
                0x700258b0        0x8 ./startup/startup_mimxrt1064.o
                0x700258b0                LPI2C1_IRQHandler
 .text.LPI2C2_IRQHandler
                0x700258b8        0x8 ./startup/startup_mimxrt1064.o
                0x700258b8                LPI2C2_IRQHandler
 .text.LPI2C3_IRQHandler
                0x700258c0        0x8 ./startup/startup_mimxrt1064.o
                0x700258c0                LPI2C3_IRQHandler
 .text.LPI2C4_IRQHandler
                0x700258c8        0x8 ./startup/startup_mimxrt1064.o
                0x700258c8                LPI2C4_IRQHandler
 .text.LPSPI1_IRQHandler
                0x700258d0        0x8 ./startup/startup_mimxrt1064.o
                0x700258d0                LPSPI1_IRQHandler
 .text.LPSPI2_IRQHandler
                0x700258d8        0x8 ./startup/startup_mimxrt1064.o
                0x700258d8                LPSPI2_IRQHandler
 .text.LPSPI3_IRQHandler
                0x700258e0        0x8 ./startup/startup_mimxrt1064.o
                0x700258e0                LPSPI3_IRQHandler
 .text.LPSPI4_IRQHandler
                0x700258e8        0x8 ./startup/startup_mimxrt1064.o
                0x700258e8                LPSPI4_IRQHandler
 .text.CAN1_IRQHandler
                0x700258f0        0x8 ./startup/startup_mimxrt1064.o
                0x700258f0                CAN1_IRQHandler
 .text.CAN2_IRQHandler
                0x700258f8        0x8 ./startup/startup_mimxrt1064.o
                0x700258f8                CAN2_IRQHandler
 .text.FLEXRAM_IRQHandler
                0x70025900        0x8 ./startup/startup_mimxrt1064.o
                0x70025900                FLEXRAM_IRQHandler
 .text.KPP_IRQHandler
                0x70025908        0x8 ./startup/startup_mimxrt1064.o
                0x70025908                KPP_IRQHandler
 .text.TSC_DIG_IRQHandler
                0x70025910        0x8 ./startup/startup_mimxrt1064.o
                0x70025910                TSC_DIG_IRQHandler
 .text.GPR_IRQ_IRQHandler
                0x70025918        0x8 ./startup/startup_mimxrt1064.o
                0x70025918                GPR_IRQ_IRQHandler
 .text.LCDIF_IRQHandler
                0x70025920        0x8 ./startup/startup_mimxrt1064.o
                0x70025920                LCDIF_IRQHandler
 .text.CSI_IRQHandler
                0x70025928        0x8 ./startup/startup_mimxrt1064.o
                0x70025928                CSI_IRQHandler
 .text.PXP_IRQHandler
                0x70025930        0x8 ./startup/startup_mimxrt1064.o
                0x70025930                PXP_IRQHandler
 .text.WDOG2_IRQHandler
                0x70025938        0x8 ./startup/startup_mimxrt1064.o
                0x70025938                WDOG2_IRQHandler
 .text.SNVS_HP_WRAPPER_IRQHandler
                0x70025940        0x8 ./startup/startup_mimxrt1064.o
                0x70025940                SNVS_HP_WRAPPER_IRQHandler
 .text.SNVS_HP_WRAPPER_TZ_IRQHandler
                0x70025948        0x8 ./startup/startup_mimxrt1064.o
                0x70025948                SNVS_HP_WRAPPER_TZ_IRQHandler
 .text.SNVS_LP_WRAPPER_IRQHandler
                0x70025950        0x8 ./startup/startup_mimxrt1064.o
                0x70025950                SNVS_LP_WRAPPER_IRQHandler
 .text.CSU_IRQHandler
                0x70025958        0x8 ./startup/startup_mimxrt1064.o
                0x70025958                CSU_IRQHandler
 .text.DCP_IRQHandler
                0x70025960        0x8 ./startup/startup_mimxrt1064.o
                0x70025960                DCP_IRQHandler
 .text.DCP_VMI_IRQHandler
                0x70025968        0x8 ./startup/startup_mimxrt1064.o
                0x70025968                DCP_VMI_IRQHandler
 .text.Reserved68_IRQHandler
                0x70025970        0x8 ./startup/startup_mimxrt1064.o
                0x70025970                Reserved68_IRQHandler
 .text.TRNG_IRQHandler
                0x70025978        0x8 ./startup/startup_mimxrt1064.o
                0x70025978                TRNG_IRQHandler
 .text.SJC_IRQHandler
                0x70025980        0x8 ./startup/startup_mimxrt1064.o
                0x70025980                SJC_IRQHandler
 .text.BEE_IRQHandler
                0x70025988        0x8 ./startup/startup_mimxrt1064.o
                0x70025988                BEE_IRQHandler
 .text.SAI1_IRQHandler
                0x70025990        0x8 ./startup/startup_mimxrt1064.o
                0x70025990                SAI1_IRQHandler
 .text.SAI2_IRQHandler
                0x70025998        0x8 ./startup/startup_mimxrt1064.o
                0x70025998                SAI2_IRQHandler
 .text.SAI3_RX_IRQHandler
                0x700259a0        0x8 ./startup/startup_mimxrt1064.o
                0x700259a0                SAI3_RX_IRQHandler
 .text.SAI3_TX_IRQHandler
                0x700259a8        0x8 ./startup/startup_mimxrt1064.o
                0x700259a8                SAI3_TX_IRQHandler
 .text.SPDIF_IRQHandler
                0x700259b0        0x8 ./startup/startup_mimxrt1064.o
                0x700259b0                SPDIF_IRQHandler
 .text.PMU_EVENT_IRQHandler
                0x700259b8        0x8 ./startup/startup_mimxrt1064.o
                0x700259b8                PMU_EVENT_IRQHandler
 .text.Reserved78_IRQHandler
                0x700259c0        0x8 ./startup/startup_mimxrt1064.o
                0x700259c0                Reserved78_IRQHandler
 .text.TEMP_LOW_HIGH_IRQHandler
                0x700259c8        0x8 ./startup/startup_mimxrt1064.o
                0x700259c8                TEMP_LOW_HIGH_IRQHandler
 .text.TEMP_PANIC_IRQHandler
                0x700259d0        0x8 ./startup/startup_mimxrt1064.o
                0x700259d0                TEMP_PANIC_IRQHandler
 .text.USB_PHY1_IRQHandler
                0x700259d8        0x8 ./startup/startup_mimxrt1064.o
                0x700259d8                USB_PHY1_IRQHandler
 .text.USB_PHY2_IRQHandler
                0x700259e0        0x8 ./startup/startup_mimxrt1064.o
                0x700259e0                USB_PHY2_IRQHandler
 .text.ADC1_IRQHandler
                0x700259e8        0x8 ./startup/startup_mimxrt1064.o
                0x700259e8                ADC1_IRQHandler
 .text.ADC2_IRQHandler
                0x700259f0        0x8 ./startup/startup_mimxrt1064.o
                0x700259f0                ADC2_IRQHandler
 .text.DCDC_IRQHandler
                0x700259f8        0x8 ./startup/startup_mimxrt1064.o
                0x700259f8                DCDC_IRQHandler
 .text.Reserved86_IRQHandler
                0x70025a00        0x8 ./startup/startup_mimxrt1064.o
                0x70025a00                Reserved86_IRQHandler
 .text.GPIO10_IRQHandler
                0x70025a08        0x8 ./startup/startup_mimxrt1064.o
                0x70025a08                GPIO10_IRQHandler
 .text.GPIO1_INT0_IRQHandler
                0x70025a10        0x8 ./startup/startup_mimxrt1064.o
                0x70025a10                GPIO1_INT0_IRQHandler
 .text.GPIO1_INT1_IRQHandler
                0x70025a18        0x8 ./startup/startup_mimxrt1064.o
                0x70025a18                GPIO1_INT1_IRQHandler
 .text.GPIO1_INT2_IRQHandler
                0x70025a20        0x8 ./startup/startup_mimxrt1064.o
                0x70025a20                GPIO1_INT2_IRQHandler
 .text.GPIO1_INT3_IRQHandler
                0x70025a28        0x8 ./startup/startup_mimxrt1064.o
                0x70025a28                GPIO1_INT3_IRQHandler
 .text.GPIO1_INT4_IRQHandler
                0x70025a30        0x8 ./startup/startup_mimxrt1064.o
                0x70025a30                GPIO1_INT4_IRQHandler
 .text.GPIO1_INT5_IRQHandler
                0x70025a38        0x8 ./startup/startup_mimxrt1064.o
                0x70025a38                GPIO1_INT5_IRQHandler
 .text.GPIO1_INT6_IRQHandler
                0x70025a40        0x8 ./startup/startup_mimxrt1064.o
                0x70025a40                GPIO1_INT6_IRQHandler
 .text.GPIO1_INT7_IRQHandler
                0x70025a48        0x8 ./startup/startup_mimxrt1064.o
                0x70025a48                GPIO1_INT7_IRQHandler
 .text.GPIO1_Combined_0_15_IRQHandler
                0x70025a50        0x8 ./startup/startup_mimxrt1064.o
                0x70025a50                GPIO1_Combined_0_15_IRQHandler
 .text.GPIO1_Combined_16_31_IRQHandler
                0x70025a58        0x8 ./startup/startup_mimxrt1064.o
                0x70025a58                GPIO1_Combined_16_31_IRQHandler
 .text.GPIO2_Combined_0_15_IRQHandler
                0x70025a60        0x8 ./startup/startup_mimxrt1064.o
                0x70025a60                GPIO2_Combined_0_15_IRQHandler
 .text.GPIO2_Combined_16_31_IRQHandler
                0x70025a68        0x8 ./startup/startup_mimxrt1064.o
                0x70025a68                GPIO2_Combined_16_31_IRQHandler
 .text.GPIO3_Combined_0_15_IRQHandler
                0x70025a70        0x8 ./startup/startup_mimxrt1064.o
                0x70025a70                GPIO3_Combined_0_15_IRQHandler
 .text.GPIO3_Combined_16_31_IRQHandler
                0x70025a78        0x8 ./startup/startup_mimxrt1064.o
                0x70025a78                GPIO3_Combined_16_31_IRQHandler
 .text.GPIO4_Combined_0_15_IRQHandler
                0x70025a80        0x8 ./startup/startup_mimxrt1064.o
                0x70025a80                GPIO4_Combined_0_15_IRQHandler
 .text.GPIO4_Combined_16_31_IRQHandler
                0x70025a88        0x8 ./startup/startup_mimxrt1064.o
                0x70025a88                GPIO4_Combined_16_31_IRQHandler
 .text.GPIO5_Combined_0_15_IRQHandler
                0x70025a90        0x8 ./startup/startup_mimxrt1064.o
                0x70025a90                GPIO5_Combined_0_15_IRQHandler
 .text.GPIO5_Combined_16_31_IRQHandler
                0x70025a98        0x8 ./startup/startup_mimxrt1064.o
                0x70025a98                GPIO5_Combined_16_31_IRQHandler
 .text.FLEXIO1_IRQHandler
                0x70025aa0        0x8 ./startup/startup_mimxrt1064.o
                0x70025aa0                FLEXIO1_IRQHandler
 .text.FLEXIO2_IRQHandler
                0x70025aa8        0x8 ./startup/startup_mimxrt1064.o
                0x70025aa8                FLEXIO2_IRQHandler
 .text.RTWDOG_IRQHandler
                0x70025ab0        0x8 ./startup/startup_mimxrt1064.o
                0x70025ab0                RTWDOG_IRQHandler
 .text.EWM_IRQHandler
                0x70025ab8        0x8 ./startup/startup_mimxrt1064.o
                0x70025ab8                EWM_IRQHandler
 .text.CCM_1_IRQHandler
                0x70025ac0        0x8 ./startup/startup_mimxrt1064.o
                0x70025ac0                CCM_1_IRQHandler
 .text.CCM_2_IRQHandler
                0x70025ac8        0x8 ./startup/startup_mimxrt1064.o
                0x70025ac8                CCM_2_IRQHandler
 .text.GPC_IRQHandler
                0x70025ad0        0x8 ./startup/startup_mimxrt1064.o
                0x70025ad0                GPC_IRQHandler
 .text.SRC_IRQHandler
                0x70025ad8        0x8 ./startup/startup_mimxrt1064.o
                0x70025ad8                SRC_IRQHandler
 .text.Reserved115_IRQHandler
                0x70025ae0        0x8 ./startup/startup_mimxrt1064.o
                0x70025ae0                Reserved115_IRQHandler
 .text.GPT1_IRQHandler
                0x70025ae8        0x8 ./startup/startup_mimxrt1064.o
                0x70025ae8                GPT1_IRQHandler
 .text.GPT2_IRQHandler
                0x70025af0        0x8 ./startup/startup_mimxrt1064.o
                0x70025af0                GPT2_IRQHandler
 .text.PWM1_0_IRQHandler
                0x70025af8        0x8 ./startup/startup_mimxrt1064.o
                0x70025af8                PWM1_0_IRQHandler
 .text.PWM1_1_IRQHandler
                0x70025b00        0x8 ./startup/startup_mimxrt1064.o
                0x70025b00                PWM1_1_IRQHandler
 .text.PWM1_2_IRQHandler
                0x70025b08        0x8 ./startup/startup_mimxrt1064.o
                0x70025b08                PWM1_2_IRQHandler
 .text.PWM1_3_IRQHandler
                0x70025b10        0x8 ./startup/startup_mimxrt1064.o
                0x70025b10                PWM1_3_IRQHandler
 .text.PWM1_FAULT_IRQHandler
                0x70025b18        0x8 ./startup/startup_mimxrt1064.o
                0x70025b18                PWM1_FAULT_IRQHandler
 .text.FLEXSPI2_IRQHandler
                0x70025b20        0x8 ./startup/startup_mimxrt1064.o
                0x70025b20                FLEXSPI2_IRQHandler
 .text.FLEXSPI_IRQHandler
                0x70025b28        0x8 ./startup/startup_mimxrt1064.o
                0x70025b28                FLEXSPI_IRQHandler
 .text.SEMC_IRQHandler
                0x70025b30        0x8 ./startup/startup_mimxrt1064.o
                0x70025b30                SEMC_IRQHandler
 .text.USDHC1_IRQHandler
                0x70025b38        0x8 ./startup/startup_mimxrt1064.o
                0x70025b38                USDHC1_IRQHandler
 .text.USDHC2_IRQHandler
                0x70025b40        0x8 ./startup/startup_mimxrt1064.o
                0x70025b40                USDHC2_IRQHandler
 .text.ENET_IRQHandler
                0x70025b48        0x8 ./startup/startup_mimxrt1064.o
                0x70025b48                ENET_IRQHandler
 .text.ENET_1588_Timer_IRQHandler
                0x70025b50        0x8 ./startup/startup_mimxrt1064.o
                0x70025b50                ENET_1588_Timer_IRQHandler
 .text.XBAR1_IRQ_0_1_IRQHandler
                0x70025b58        0x8 ./startup/startup_mimxrt1064.o
                0x70025b58                XBAR1_IRQ_0_1_IRQHandler
 .text.XBAR1_IRQ_2_3_IRQHandler
                0x70025b60        0x8 ./startup/startup_mimxrt1064.o
                0x70025b60                XBAR1_IRQ_2_3_IRQHandler
 .text.ADC_ETC_IRQ0_IRQHandler
                0x70025b68        0x8 ./startup/startup_mimxrt1064.o
                0x70025b68                ADC_ETC_IRQ0_IRQHandler
 .text.ADC_ETC_IRQ1_IRQHandler
                0x70025b70        0x8 ./startup/startup_mimxrt1064.o
                0x70025b70                ADC_ETC_IRQ1_IRQHandler
 .text.ADC_ETC_IRQ2_IRQHandler
                0x70025b78        0x8 ./startup/startup_mimxrt1064.o
                0x70025b78                ADC_ETC_IRQ2_IRQHandler
 .text.ADC_ETC_ERROR_IRQ_IRQHandler
                0x70025b80        0x8 ./startup/startup_mimxrt1064.o
                0x70025b80                ADC_ETC_ERROR_IRQ_IRQHandler
 .text.PIT_IRQHandler
                0x70025b88        0x8 ./startup/startup_mimxrt1064.o
                0x70025b88                PIT_IRQHandler
 .text.ACMP1_IRQHandler
                0x70025b90        0x8 ./startup/startup_mimxrt1064.o
                0x70025b90                ACMP1_IRQHandler
 .text.ACMP2_IRQHandler
                0x70025b98        0x8 ./startup/startup_mimxrt1064.o
                0x70025b98                ACMP2_IRQHandler
 .text.ACMP3_IRQHandler
                0x70025ba0        0x8 ./startup/startup_mimxrt1064.o
                0x70025ba0                ACMP3_IRQHandler
 .text.ACMP4_IRQHandler
                0x70025ba8        0x8 ./startup/startup_mimxrt1064.o
                0x70025ba8                ACMP4_IRQHandler
 .text.Reserved143_IRQHandler
                0x70025bb0        0x8 ./startup/startup_mimxrt1064.o
                0x70025bb0                Reserved143_IRQHandler
 .text.Reserved144_IRQHandler
                0x70025bb8        0x8 ./startup/startup_mimxrt1064.o
                0x70025bb8                Reserved144_IRQHandler
 .text.ENC1_IRQHandler
                0x70025bc0        0x8 ./startup/startup_mimxrt1064.o
                0x70025bc0                ENC1_IRQHandler
 .text.ENC2_IRQHandler
                0x70025bc8        0x8 ./startup/startup_mimxrt1064.o
                0x70025bc8                ENC2_IRQHandler
 .text.ENC3_IRQHandler
                0x70025bd0        0x8 ./startup/startup_mimxrt1064.o
                0x70025bd0                ENC3_IRQHandler
 .text.ENC4_IRQHandler
                0x70025bd8        0x8 ./startup/startup_mimxrt1064.o
                0x70025bd8                ENC4_IRQHandler
 .text.TMR1_IRQHandler
                0x70025be0        0x8 ./startup/startup_mimxrt1064.o
                0x70025be0                TMR1_IRQHandler
 .text.TMR2_IRQHandler
                0x70025be8        0x8 ./startup/startup_mimxrt1064.o
                0x70025be8                TMR2_IRQHandler
 .text.TMR3_IRQHandler
                0x70025bf0        0x8 ./startup/startup_mimxrt1064.o
                0x70025bf0                TMR3_IRQHandler
 .text.TMR4_IRQHandler
                0x70025bf8        0x8 ./startup/startup_mimxrt1064.o
                0x70025bf8                TMR4_IRQHandler
 .text.PWM2_0_IRQHandler
                0x70025c00        0x8 ./startup/startup_mimxrt1064.o
                0x70025c00                PWM2_0_IRQHandler
 .text.PWM2_1_IRQHandler
                0x70025c08        0x8 ./startup/startup_mimxrt1064.o
                0x70025c08                PWM2_1_IRQHandler
 .text.PWM2_2_IRQHandler
                0x70025c10        0x8 ./startup/startup_mimxrt1064.o
                0x70025c10                PWM2_2_IRQHandler
 .text.PWM2_3_IRQHandler
                0x70025c18        0x8 ./startup/startup_mimxrt1064.o
                0x70025c18                PWM2_3_IRQHandler
 .text.PWM2_FAULT_IRQHandler
                0x70025c20        0x8 ./startup/startup_mimxrt1064.o
                0x70025c20                PWM2_FAULT_IRQHandler
 .text.PWM3_0_IRQHandler
                0x70025c28        0x8 ./startup/startup_mimxrt1064.o
                0x70025c28                PWM3_0_IRQHandler
 .text.PWM3_1_IRQHandler
                0x70025c30        0x8 ./startup/startup_mimxrt1064.o
                0x70025c30                PWM3_1_IRQHandler
 .text.PWM3_2_IRQHandler
                0x70025c38        0x8 ./startup/startup_mimxrt1064.o
                0x70025c38                PWM3_2_IRQHandler
 .text.PWM3_3_IRQHandler
                0x70025c40        0x8 ./startup/startup_mimxrt1064.o
                0x70025c40                PWM3_3_IRQHandler
 .text.PWM3_FAULT_IRQHandler
                0x70025c48        0x8 ./startup/startup_mimxrt1064.o
                0x70025c48                PWM3_FAULT_IRQHandler
 .text.PWM4_0_IRQHandler
                0x70025c50        0x8 ./startup/startup_mimxrt1064.o
                0x70025c50                PWM4_0_IRQHandler
 .text.PWM4_1_IRQHandler
                0x70025c58        0x8 ./startup/startup_mimxrt1064.o
                0x70025c58                PWM4_1_IRQHandler
 .text.PWM4_2_IRQHandler
                0x70025c60        0x8 ./startup/startup_mimxrt1064.o
                0x70025c60                PWM4_2_IRQHandler
 .text.PWM4_3_IRQHandler
                0x70025c68        0x8 ./startup/startup_mimxrt1064.o
                0x70025c68                PWM4_3_IRQHandler
 .text.PWM4_FAULT_IRQHandler
                0x70025c70        0x8 ./startup/startup_mimxrt1064.o
                0x70025c70                PWM4_FAULT_IRQHandler
 .text.ENET2_IRQHandler
                0x70025c78        0x8 ./startup/startup_mimxrt1064.o
                0x70025c78                ENET2_IRQHandler
 .text.ENET2_1588_Timer_IRQHandler
                0x70025c80        0x8 ./startup/startup_mimxrt1064.o
                0x70025c80                ENET2_1588_Timer_IRQHandler
 .text.CAN3_IRQHandler
                0x70025c88        0x8 ./startup/startup_mimxrt1064.o
                0x70025c88                CAN3_IRQHandler
 .text.Reserved171_IRQHandler
                0x70025c90        0x8 ./startup/startup_mimxrt1064.o
                0x70025c90                Reserved171_IRQHandler
 .text.FLEXIO3_IRQHandler
                0x70025c98        0x8 ./startup/startup_mimxrt1064.o
                0x70025c98                FLEXIO3_IRQHandler
 .text.GPIO6_7_8_9_IRQHandler
                0x70025ca0        0x8 ./startup/startup_mimxrt1064.o
                0x70025ca0                GPIO6_7_8_9_IRQHandler
 .text.averageNonBlockLevel.part.0
                0x70025ca8      0x10c ./source/Scan.o
 .text.controlLEDLightIntensityWithTryCnt.constprop.0
                0x70025db4      0x29c ./source/Scan.o
 .text.controlLEDLightIntensityWithTryCnt.constprop.1
                0x70026050      0x294 ./source/Scan.o
 .text.setThresholdDataByAvgNonBlockLevel.constprop.0
                0x700262e4      0x164 ./source/Scan.o
 .text.setThresholdDataByAvgNonBlockLevel.constprop.1
                0x70026448      0x144 ./source/Scan.o
 .text.copySequenceTbl
                0x7002658c      0x1f0 ./source/Scan.o
                0x7002658c                copySequenceTbl
 .text.initializeScanHW
                0x7002677c      0x520 ./source/Scan.o
                0x7002677c                initializeScanHW
 .text.Scan_Initialize
                0x70026c9c      0x1e8 ./source/Scan.o
                0x70026c9c                Scan_Initialize
 .text.findStartScanSequenceIdx
                0x70026e84       0xa8 ./source/Scan.o
                0x70026e84                findStartScanSequenceIdx
 .text.Calibration_Process.part.0
                0x70026f2c      0x4e0 ./source/Scan.o
 .text.Scan_Data_Process
                0x7002740c      0x77c ./source/Scan.o
                0x7002740c                Scan_Data_Process
 .text.setThresholdDataByAvgNonBlockLevel
                0x70027b88      0x310 ./source/Scan.o
                0x70027b88                setThresholdDataByAvgNonBlockLevel
 .text.getADCResultByPdIdxAndOffset
                0x70027e98       0xac ./source/Scan.o
                0x70027e98                getADCResultByPdIdxAndOffset
 .text.getADCResultByLedIdxAndOffset
                0x70027f44       0xac ./source/Scan.o
                0x70027f44                getADCResultByLedIdxAndOffset
 .text.getADCResultByDeviceIdx
                0x70027ff0       0xbc ./source/Scan.o
                0x70027ff0                getADCResultByDeviceIdx
 .text.decideDeadCell
                0x700280ac      0x358 ./source/Scan.o
                0x700280ac                decideDeadCell
 .text.Scan_Process
                0x70028404      0x168 ./source/Scan.o
                0x70028404                Scan_Process
 .text.ADC_SamplesStart
                0x7002856c       0x2c ./source/adc.o
                0x7002856c                ADC_SamplesStart
 .text.ADC_SamplesStop
                0x70028598       0x14 ./source/adc.o
                0x70028598                ADC_SamplesStop
 .text.SendTouch_Report.constprop.0.isra.0
                0x700285ac      0x14c ./source/app.o
 .text.SendBrush_Report.constprop.0.isra.0
                0x700286f8       0xd4 ./source/app.o
 .text.SendDigitizerReport.constprop.0.isra.0
                0x700287cc      0x2ac ./source/app.o
 .text.normalSendRes.constprop.0.isra.0
                0x70028a78      0x200 ./source/app.o
 .text.WDOG1_IRQHandler
                0x70028c78       0x10 ./source/app.o
                0x70028c78                WDOG1_IRQHandler
 .text.MY_WDOG_reset_init
                0x70028c88       0x24 ./source/app.o
                0x70028c88                MY_WDOG_reset_init
 .text.USB_OTG1_IRQHandler
                0x70028cac       0x10 ./source/app.o
                0x70028cac                USB_OTG1_IRQHandler
 .text.USB_OTG2_IRQHandler
                0x70028cbc       0x10 ./source/app.o
                0x70028cbc                USB_OTG2_IRQHandler
 .text.backend_process_line_data
                0x70028ccc      0x950 ./source/app.o
                0x70028ccc                backend_process_line_data
 .text.s_get_frame_span
                0x7002961c       0x24 ./source/app.o
                0x7002961c                s_get_frame_span
 .text.normalCmdProcess
                0x70029640      0x1d8 ./source/app.o
                0x70029640                normalCmdProcess
 .text.normal_dlt_send_data
                0x70029818       0x4c ./source/app.o
                0x70029818                normal_dlt_send_data
 .text.backendInit
                0x70029864      0x160 ./source/app.o
                0x70029864                backendInit
 .text.backendProcess
                0x700299c4       0x78 ./source/app.o
                0x700299c4                backendProcess
 .text.ReceiveCmdParser
                0x70029a3c      0x190 ./source/app.o
                0x70029a3c                ReceiveCmdParser
 .text.APP_Tasks
                0x70029bcc     0x13e4 ./source/app.o
                0x70029bcc                APP_Tasks
 .text.startup.main
                0x7002afb0       0xf0 ./source/app.o
                0x7002afb0                main
 .text.s_init_post_processing
                0x7002b0a0       0xcc ./source/backend_postp.o
                0x7002b0a0                s_init_post_processing
 .text.tp_init_post_processing
                0x7002b16c       0x78 ./source/backend_postp.o
                0x7002b16c                tp_init_post_processing
 .text.add_pos_info
                0x7002b1e4      0x104 ./source/backend_postp.o
                0x7002b1e4                add_pos_info
 .text.s_cal_hor_scroll
                0x7002b2e8      0x348 ./source/backend_postp.o
                0x7002b2e8                s_cal_hor_scroll
 .text.s_touch_point_tracking
                0x7002b630      0xe44 ./source/backend_postp.o
                0x7002b630                s_touch_point_tracking
 .text.s_smooth_filter
                0x7002c474      0x35c ./source/backend_postp.o
                0x7002c474                s_smooth_filter
 .text.s_coordinates_conversion
                0x7002c7d0      0x230 ./source/backend_postp.o
                0x7002c7d0                s_coordinates_conversion
 .text.s_smooth_filter_brush_report_delay
                0x7002ca00      0x160 ./source/backend_postp.o
                0x7002ca00                s_smooth_filter_brush_report_delay
 .text.beizerFilterAnalysis
                0x7002cb60       0x90 ./source/bezier.o
                0x7002cb60                beizerFilterAnalysis
 .text.USB_DeviceCallback
                0x7002cbf0      0x158 ./source/composite.o
 .text.USB_DeviceApplicationInit
                0x7002cd48       0xb8 ./source/composite.o
                0x7002cd48                USB_DeviceApplicationInit
 .text.USB_Device_ready
                0x7002ce00        0xc ./source/composite.o
                0x7002ce00                USB_Device_ready
 .text.USB_Get_Device_Handle
                0x7002ce0c        0xc ./source/composite.o
                0x7002ce0c                USB_Get_Device_Handle
 .text.show_frontend_fwinfo
                0x7002ce18      0x144 ./source/dlt.o
                0x7002ce18                show_frontend_fwinfo
 .text.get_ver_string
                0x7002cf5c       0x1c ./source/dlt.o
                0x7002cf5c                get_ver_string
 .text.copy_ofst_to_exb
                0x7002cf78      0x27c ./source/dlt.o
                0x7002cf78                copy_ofst_to_exb
 .text.Send_ExbBit_Data_to_USBCPU_Init
                0x7002d1f4       0x34 ./source/dlt.o
                0x7002d1f4                Send_ExbBit_Data_to_USBCPU_Init
 .text.Send_ADC_Data_to_USBCPU
                0x7002d228      0x504 ./source/dlt.o
                0x7002d228                Send_ADC_Data_to_USBCPU
 .text.dltParmInit
                0x7002d72c       0x5c ./source/dlt.o
                0x7002d72c                dltParmInit
 .text.dltProcess
                0x7002d788       0xb0 ./source/dlt.o
                0x7002d788                dltProcess
 .text.USB_DeviceHidGenericCallback
                0x7002d838       0x80 ./source/hid_generic.o
                0x7002d838                USB_DeviceHidGenericCallback
 .text.USB_DeviceHidGenericSetConfigure
                0x7002d8b8       0x20 ./source/hid_generic.o
                0x7002d8b8                USB_DeviceHidGenericSetConfigure
 .text.USB_DeviceHidGenericSetInterface
                0x7002d8d8       0x34 ./source/hid_generic.o
                0x7002d8d8                USB_DeviceHidGenericSetInterface
 .text.USB_DeviceHidGenericInit
                0x7002d90c       0x3c ./source/hid_generic.o
                0x7002d90c                USB_DeviceHidGenericInit
 .text.USB_SendDigitizerReport
                0x7002d948       0x30 ./source/hid_generic.o
                0x7002d948                USB_SendDigitizerReport
 .text.USB_DeviceHidMouseCallback
                0x7002d978        0x4 ./source/hid_mouse.o
                0x7002d978                USB_DeviceHidMouseCallback
 .text.USB_DeviceHidMouseSetConfigure
                0x7002d97c       0x34 ./source/hid_mouse.o
                0x7002d97c                USB_DeviceHidMouseSetConfigure
 .text.USB_DeviceHidMouseSetInterface
                0x7002d9b0       0x34 ./source/hid_mouse.o
                0x7002d9b0                USB_DeviceHidMouseSetInterface
 .text.USB_DeviceHidMouseInit
                0x7002d9e4       0x1c ./source/hid_mouse.o
                0x7002d9e4                USB_DeviceHidMouseInit
 .text.USB_SendMouseReport
                0x7002da00       0x30 ./source/hid_mouse.o
                0x7002da00                USB_SendMouseReport
 .text.USB_GetMouseBuffer
                0x7002da30       0x10 ./source/hid_mouse.o
                0x7002da30                USB_GetMouseBuffer
 .text.HardFault_Handler
                0x7002da40       0x2c ./source/semihost_hardfault.o
                0x7002da40                HardFault_Handler
 .text.USB_DeviceGetDeviceDescriptor
                0x7002da6c       0x10 ./source/usb_device_descriptor.o
                0x7002da6c                USB_DeviceGetDeviceDescriptor
 .text.USB_DeviceGetConfigurationDescriptor
                0x7002da7c       0x18 ./source/usb_device_descriptor.o
                0x7002da7c                USB_DeviceGetConfigurationDescriptor
 .text.USB_DeviceGetStringDescriptor
                0x7002da94       0x50 ./source/usb_device_descriptor.o
                0x7002da94                USB_DeviceGetStringDescriptor
 .text.USB_DeviceGetHidDescriptor
                0x7002dae4        0x4 ./source/usb_device_descriptor.o
                0x7002dae4                USB_DeviceGetHidDescriptor
 .text.USB_DeviceGetHidReportDescriptor
                0x7002dae8       0x2c ./source/usb_device_descriptor.o
                0x7002dae8                USB_DeviceGetHidReportDescriptor
 .text.USB_DeviceGetHidPhysicalDescriptor
                0x7002db14        0x4 ./source/usb_device_descriptor.o
                0x7002db14                USB_DeviceGetHidPhysicalDescriptor
 .text.USB_DeviceSetSpeed
                0x7002db18       0xb4 ./source/usb_device_descriptor.o
                0x7002db18                USB_DeviceSetSpeed
 .text.ADC_Init
                0x7002dbcc       0xcc ./drivers/fsl_adc.o
                0x7002dbcc                ADC_Init
 .text.ADC_SetChannelConfig
                0x7002dc98       0x14 ./drivers/fsl_adc.o
                0x7002dc98                ADC_SetChannelConfig
 .text.ADC_DoAutoCalibration
                0x7002dcac       0x5c ./drivers/fsl_adc.o
                0x7002dcac                ADC_DoAutoCalibration
 .text.CLOCK_InitExternalClk
                0x7002dd08       0x34 ./drivers/fsl_clock.o
                0x7002dd08                CLOCK_InitExternalClk
 .text.CLOCK_SwitchOsc
                0x7002dd3c       0x18 ./drivers/fsl_clock.o
                0x7002dd3c                CLOCK_SwitchOsc
 .text.CLOCK_InitRcOsc24M
                0x7002dd54       0x14 ./drivers/fsl_clock.o
                0x7002dd54                CLOCK_InitRcOsc24M
 .text.CLOCK_EnableUsbhs0Clock
                0x7002dd68       0x58 ./drivers/fsl_clock.o
                0x7002dd68                CLOCK_EnableUsbhs0Clock
 .text.CLOCK_EnableUsbhs0PhyPllClock
                0x7002ddc0       0x68 ./drivers/fsl_clock.o
                0x7002ddc0                CLOCK_EnableUsbhs0PhyPllClock
 .text.CLOCK_InitArmPll
                0x7002de28       0x4c ./drivers/fsl_clock.o
                0x7002de28                CLOCK_InitArmPll
 .text.CLOCK_InitSysPll
                0x7002de74       0x70 ./drivers/fsl_clock.o
                0x7002de74                CLOCK_InitSysPll
 .text.CLOCK_DeinitUsb2Pll
                0x7002dee4        0xc ./drivers/fsl_clock.o
                0x7002dee4                CLOCK_DeinitUsb2Pll
 .text.CLOCK_DeinitAudioPll
                0x7002def0       0x10 ./drivers/fsl_clock.o
                0x7002def0                CLOCK_DeinitAudioPll
 .text.CLOCK_DeinitEnetPll
                0x7002df00       0x10 ./drivers/fsl_clock.o
                0x7002df00                CLOCK_DeinitEnetPll
 .text.CLOCK_GetPllFreq
                0x7002df10      0x1e0 ./drivers/fsl_clock.o
                0x7002df10                CLOCK_GetPllFreq
 .text.CLOCK_InitSysPfd
                0x7002e0f0       0x34 ./drivers/fsl_clock.o
                0x7002e0f0                CLOCK_InitSysPfd
 .text.GPIO_PinSetInterruptConfig
                0x7002e124       0x8c ./drivers/fsl_gpio.o
                0x7002e124                GPIO_PinSetInterruptConfig
 .text.GPIO_PinInit
                0x7002e1b0       0xbc ./drivers/fsl_gpio.o
                0x7002e1b0                GPIO_PinInit
 .text.GPT_Init
                0x7002e26c       0xdc ./drivers/fsl_gpt.o
                0x7002e26c                GPT_Init
 .text.LPUART_Init
                0x7002e348      0x28c ./drivers/fsl_lpuart.o
                0x7002e348                LPUART_Init
 .text.LPUART_GetDefaultConfig
                0x7002e5d4       0x20 ./drivers/fsl_lpuart.o
                0x7002e5d4                LPUART_GetDefaultConfig
 .text.LPUART1_DriverIRQHandler
                0x7002e5f4       0x20 ./drivers/fsl_lpuart.o
                0x7002e5f4                LPUART1_DriverIRQHandler
 .text.LPUART2_DriverIRQHandler
                0x7002e614       0x20 ./drivers/fsl_lpuart.o
                0x7002e614                LPUART2_DriverIRQHandler
 .text.LPUART3_DriverIRQHandler
                0x7002e634       0x20 ./drivers/fsl_lpuart.o
                0x7002e634                LPUART3_DriverIRQHandler
 .text.LPUART4_DriverIRQHandler
                0x7002e654       0x20 ./drivers/fsl_lpuart.o
                0x7002e654                LPUART4_DriverIRQHandler
 .text.LPUART5_DriverIRQHandler
                0x7002e674       0x20 ./drivers/fsl_lpuart.o
                0x7002e674                LPUART5_DriverIRQHandler
 .text.LPUART6_DriverIRQHandler
                0x7002e694       0x20 ./drivers/fsl_lpuart.o
                0x7002e694                LPUART6_DriverIRQHandler
 .text.LPUART7_DriverIRQHandler
                0x7002e6b4       0x20 ./drivers/fsl_lpuart.o
                0x7002e6b4                LPUART7_DriverIRQHandler
 .text.LPUART8_DriverIRQHandler
                0x7002e6d4       0x20 ./drivers/fsl_lpuart.o
                0x7002e6d4                LPUART8_DriverIRQHandler
 .text.QTMR_Init
                0x7002e6f4       0xbc ./drivers/fsl_qtmr.o
                0x7002e6f4                QTMR_Init
 .text.QTMR_SetupPwm
                0x7002e7b0       0xdc ./drivers/fsl_qtmr.o
                0x7002e7b0                QTMR_SetupPwm
 .text.WDOG_GetDefaultConfig
                0x7002e88c       0x24 ./drivers/fsl_wdog.o
                0x7002e88c                WDOG_GetDefaultConfig
 .text.WDOG_Init
                0x7002e8b0       0xd8 ./drivers/fsl_wdog.o
                0x7002e8b0                WDOG_Init
 .text.WDOG_GetStatusFlags
                0x7002e988       0x2c ./drivers/fsl_wdog.o
                0x7002e988                WDOG_GetStatusFlags
 .text.WDOG_ClearInterruptStatus
                0x7002e9b4       0x10 ./drivers/fsl_wdog.o
                0x7002e9b4                WDOG_ClearInterruptStatus
 .text.WDOG_Refresh
                0x7002e9c4       0x18 ./drivers/fsl_wdog.o
                0x7002e9c4                WDOG_Refresh
 .text.XBARA_SetSignalsConnection
                0x7002e9dc       0x28 ./drivers/fsl_xbara.o
                0x7002e9dc                XBARA_SetSignalsConnection
 .text.SystemInitHook
                0x7002ea04        0x4 ./device/system_MIMXRT1064.o
                0x7002ea04                SystemInitHook
 .text.SystemInit
                0x7002ea08       0xe8 ./device/system_MIMXRT1064.o
                0x7002ea08                SystemInit
 .text.HAL_UartInit
                0x7002eaf0       0x9c ./component/uart/fsl_adapter_lpuart.o
                0x7002eaf0                HAL_UartInit
 .text.SerialManager_Init
                0x7002eb8c       0x2c ./component/serial_manager/fsl_component_serial_manager.o
                0x7002eb8c                SerialManager_Init
 .text.SerialManager_OpenWriteHandle
                0x7002ebb8       0x28 ./component/serial_manager/fsl_component_serial_manager.o
                0x7002ebb8                SerialManager_OpenWriteHandle
 .text.SerialManager_OpenReadHandle
                0x7002ebe0       0x30 ./component/serial_manager/fsl_component_serial_manager.o
                0x7002ebe0                SerialManager_OpenReadHandle
 .text.Serial_UartInit
                0x7002ec10        0x4 ./component/serial_manager/fsl_component_serial_port_uart.o
                0x7002ec10                Serial_UartInit
 .text.OSA_EnterCritical
                0x7002ec14        0xc ./component/osa/fsl_os_abstraction_bm.o
                0x7002ec14                OSA_EnterCritical
 .text.OSA_ExitCritical
                0x7002ec20        0x8 ./component/osa/fsl_os_abstraction_bm.o
                0x7002ec20                OSA_ExitCritical
 .text.BOARD_InitDebugConsole
                0x7002ec28       0x70 ./board/board.o
                0x7002ec28                BOARD_InitDebugConsole
 .text.BOARD_ConfigMPU
                0x7002ec98      0x218 ./board/board.o
                0x7002ec98                BOARD_ConfigMPU
 .text.BOARD_BootClockRUN
                0x7002eeb0      0x904 ./board/clock_config.o
                0x7002eeb0                BOARD_BootClockRUN
 .text.BOARD_InitPeripherals
                0x7002f7b4      0x164 ./board/peripherals.o
                0x7002f7b4                BOARD_InitPeripherals
 .text.BOARD_InitBootPeripherals
                0x7002f918        0x4 ./board/peripherals.o
                0x7002f918                BOARD_InitBootPeripherals
 .text.BOARD_InitPins
                0x7002f91c      0x398 ./board/pin_mux.o
                0x7002f91c                BOARD_InitPins
 .text.epaAddInitial4.part.0.constprop.0.isra.0
                0x7002fcb4      0x124 D:\Project\21.IR_Touch\BE_FW\wmc-ctsi-0850-fe-be-app\lib/libbackend_irt650_nxp2.a(backend_main.o)
 .text.BS_make_large_pitch_tbl.isra.0
                0x7002fdd8      0x11c D:\Project\21.IR_Touch\BE_FW\wmc-ctsi-0850-fe-be-app\lib/libbackend_irt650_nxp2.a(backend_main.o)
 .text.BS_set_unset2_used_led_pd
                0x7002fef4       0x70 D:\Project\21.IR_Touch\BE_FW\wmc-ctsi-0850-fe-be-app\lib/libbackend_irt650_nxp2.a(backend_main.o)
                0x7002fef4                BS_set_unset2_used_led_pd
 .text.BS_get_remained_line
                0x7002ff64       0xf0 D:\Project\21.IR_Touch\BE_FW\wmc-ctsi-0850-fe-be-app\lib/libbackend_irt650_nxp2.a(backend_main.o)
                0x7002ff64                BS_get_remained_line
 .text.BS_is_large_pitch
                0x70030054       0x40 D:\Project\21.IR_Touch\BE_FW\wmc-ctsi-0850-fe-be-app\lib/libbackend_irt650_nxp2.a(backend_main.o)
                0x70030054                BS_is_large_pitch
 .text.BS_add_epf_used
                0x70030094       0x20 D:\Project\21.IR_Touch\BE_FW\wmc-ctsi-0850-fe-be-app\lib/libbackend_irt650_nxp2.a(backend_main.o)
                0x70030094                BS_add_epf_used
 .text.BS_is_epf_used
                0x700300b4       0x2c D:\Project\21.IR_Touch\BE_FW\wmc-ctsi-0850-fe-be-app\lib/libbackend_irt650_nxp2.a(backend_main.o)
                0x700300b4                BS_is_epf_used
 .text.BS_is_set_threshold
                0x700300e0       0x64 D:\Project\21.IR_Touch\BE_FW\wmc-ctsi-0850-fe-be-app\lib/libbackend_irt650_nxp2.a(backend_main.o)
                0x700300e0                BS_is_set_threshold
 .text.BS_is_near_dead
                0x70030144       0x74 D:\Project\21.IR_Touch\BE_FW\wmc-ctsi-0850-fe-be-app\lib/libbackend_irt650_nxp2.a(backend_main.o)
                0x70030144                BS_is_near_dead
 .text.BS_is_dead_cell
                0x700301b8       0x58 D:\Project\21.IR_Touch\BE_FW\wmc-ctsi-0850-fe-be-app\lib/libbackend_irt650_nxp2.a(backend_main.o)
                0x700301b8                BS_is_dead_cell
 .text.BS_is_dead_cell_pos
                0x70030210       0xa8 D:\Project\21.IR_Touch\BE_FW\wmc-ctsi-0850-fe-be-app\lib/libbackend_irt650_nxp2.a(backend_main.o)
                0x70030210                BS_is_dead_cell_pos
 .text.BG_init_backend
                0x700302b8      0x384 D:\Project\21.IR_Touch\BE_FW\wmc-ctsi-0850-fe-be-app\lib/libbackend_irt650_nxp2.a(backend_main.o)
                0x700302b8                BG_init_backend
 .text.BS_addEpaPosMulti
                0x7003063c      0x258 D:\Project\21.IR_Touch\BE_FW\wmc-ctsi-0850-fe-be-app\lib/libbackend_irt650_nxp2.a(backend_main.o)
                0x7003063c                BS_addEpaPosMulti
 .text.BS_set_line_buffer
                0x70030894       0xc4 D:\Project\21.IR_Touch\BE_FW\wmc-ctsi-0850-fe-be-app\lib/libbackend_irt650_nxp2.a(backend_main.o)
                0x70030894                BS_set_line_buffer
 .text.BS_is_set_line_buffer
                0x70030958       0x54 D:\Project\21.IR_Touch\BE_FW\wmc-ctsi-0850-fe-be-app\lib/libbackend_irt650_nxp2.a(backend_main.o)
                0x70030958                BS_is_set_line_buffer
 .text.BG_call_backend2
                0x700309ac     0x114c D:\Project\21.IR_Touch\BE_FW\wmc-ctsi-0850-fe-be-app\lib/libbackend_irt650_nxp2.a(backend_main.o)
                0x700309ac                BG_call_backend2
 .text.multi_is_adjacent_tp_surrounded
                0x70031af8      0x3b8 D:\Project\21.IR_Touch\BE_FW\wmc-ctsi-0850-fe-be-app\lib/libbackend_irt650_nxp2.a(backend_multi.o)
 .text.touch_info_sort.constprop.0
                0x70031eb0       0xb0 D:\Project\21.IR_Touch\BE_FW\wmc-ctsi-0850-fe-be-app\lib/libbackend_irt650_nxp2.a(backend_multi.o)
 .text.addEpaValueMulti.constprop.1.isra.0
                0x70031f60       0xfc D:\Project\21.IR_Touch\BE_FW\wmc-ctsi-0850-fe-be-app\lib/libbackend_irt650_nxp2.a(backend_multi.o)
 .text.addEpaValueMulti.constprop.0.isra.0
                0x7003205c       0xf4 D:\Project\21.IR_Touch\BE_FW\wmc-ctsi-0850-fe-be-app\lib/libbackend_irt650_nxp2.a(backend_multi.o)
 .text.clipping_var_save_result.constprop.1.isra.0
                0x70032150       0x84 D:\Project\21.IR_Touch\BE_FW\wmc-ctsi-0850-fe-be-app\lib/libbackend_irt650_nxp2.a(backend_multi.o)
 .text.multi_get_initial_poly.constprop.1.isra.0
                0x700321d4       0xa8 D:\Project\21.IR_Touch\BE_FW\wmc-ctsi-0850-fe-be-app\lib/libbackend_irt650_nxp2.a(backend_multi.o)
 .text.clipping_add_initial_polygon.isra.0
                0x7003227c      0x110 D:\Project\21.IR_Touch\BE_FW\wmc-ctsi-0850-fe-be-app\lib/libbackend_irt650_nxp2.a(backend_multi.o)
 .text.make_edge_pattern_dz.isra.0
                0x7003238c      0x194 D:\Project\21.IR_Touch\BE_FW\wmc-ctsi-0850-fe-be-app\lib/libbackend_irt650_nxp2.a(backend_multi.o)
 .text.multi_recal_used_line.constprop.0.isra.0
                0x70032520      0x37c D:\Project\21.IR_Touch\BE_FW\wmc-ctsi-0850-fe-be-app\lib/libbackend_irt650_nxp2.a(backend_multi.o)
 .text.multi_recal_used_line.constprop.1.isra.0
                0x7003289c      0x37c D:\Project\21.IR_Touch\BE_FW\wmc-ctsi-0850-fe-be-app\lib/libbackend_irt650_nxp2.a(backend_multi.o)
 .text.multi_recal_min_max
                0x70032c18      0x3d8 D:\Project\21.IR_Touch\BE_FW\wmc-ctsi-0850-fe-be-app\lib/libbackend_irt650_nxp2.a(backend_multi.o)
 .text.BS_multi_malloc
                0x70032ff0      0x14c D:\Project\21.IR_Touch\BE_FW\wmc-ctsi-0850-fe-be-app\lib/libbackend_irt650_nxp2.a(backend_multi.o)
                0x70032ff0                BS_multi_malloc
 .text.BS_packEdgePatternMulti_ind
                0x7003313c      0x3ac D:\Project\21.IR_Touch\BE_FW\wmc-ctsi-0850-fe-be-app\lib/libbackend_irt650_nxp2.a(backend_multi.o)
                0x7003313c                BS_packEdgePatternMulti_ind
 .text.BG_clipping_multi_initial4
                0x700334e8      0x564 D:\Project\21.IR_Touch\BE_FW\wmc-ctsi-0850-fe-be-app\lib/libbackend_irt650_nxp2.a(backend_multi.o)
                0x700334e8                BG_clipping_multi_initial4
 .text.addEdgePatternHalfPad
                0x70033a4c      0x3b4 D:\Project\21.IR_Touch\BE_FW\wmc-ctsi-0850-fe-be-app\lib/libbackend_irt650_nxp2.a(backend_multi.o)
                0x70033a4c                addEdgePatternHalfPad
 .text.clipping_multi_remained
                0x70033e00      0xfe0 D:\Project\21.IR_Touch\BE_FW\wmc-ctsi-0850-fe-be-app\lib/libbackend_irt650_nxp2.a(backend_multi.o)
 .text.BS_multi_is_overlap_min_max_tp
                0x70034de0      0x260 D:\Project\21.IR_Touch\BE_FW\wmc-ctsi-0850-fe-be-app\lib/libbackend_irt650_nxp2.a(backend_multi.o)
                0x70034de0                BS_multi_is_overlap_min_max_tp
 .text.BG_clipping_multi
                0x70035040      0x988 D:\Project\21.IR_Touch\BE_FW\wmc-ctsi-0850-fe-be-app\lib/libbackend_irt650_nxp2.a(backend_multi.o)
                0x70035040                BG_clipping_multi
 .text.BG_clipping_multi_post
                0x700359c8     0x1388 D:\Project\21.IR_Touch\BE_FW\wmc-ctsi-0850-fe-be-app\lib/libbackend_irt650_nxp2.a(backend_multi.o)
                0x700359c8                BG_clipping_multi_post
 .text.BG_epaInit
                0x70036d50       0xd8 D:\Project\21.IR_Touch\BE_FW\wmc-ctsi-0850-fe-be-app\lib/libbackend_irt650_nxp2.a(backend_multi.o)
                0x70036d50                BG_epaInit
 .text.BS_getSideFromPos
                0x70036e28       0x64 D:\Project\21.IR_Touch\BE_FW\wmc-ctsi-0850-fe-be-app\lib/libbackend_irt650_nxp2.a(backend_multi.o)
                0x70036e28                BS_getSideFromPos
 .text.BS_malloc_init
                0x70036e8c       0x14 D:\Project\21.IR_Touch\BE_FW\wmc-ctsi-0850-fe-be-app\lib/libbackend_irt650_nxp2.a(backend_utils.o)
                0x70036e8c                BS_malloc_init
 .text.BS_malloc
                0x70036ea0       0x2c D:\Project\21.IR_Touch\BE_FW\wmc-ctsi-0850-fe-be-app\lib/libbackend_irt650_nxp2.a(backend_utils.o)
                0x70036ea0                BS_malloc
 .text.BS_malloc_uint8_t2
                0x70036ecc       0x5c D:\Project\21.IR_Touch\BE_FW\wmc-ctsi-0850-fe-be-app\lib/libbackend_irt650_nxp2.a(backend_utils.o)
                0x70036ecc                BS_malloc_uint8_t2
 .text.BS_utils_malloc
                0x70036f28       0x80 D:\Project\21.IR_Touch\BE_FW\wmc-ctsi-0850-fe-be-app\lib/libbackend_irt650_nxp2.a(backend_utils.o)
                0x70036f28                BS_utils_malloc
 .text.BS_left_of
                0x70036fa8       0x6c D:\Project\21.IR_Touch\BE_FW\wmc-ctsi-0850-fe-be-app\lib/libbackend_irt650_nxp2.a(backend_utils.o)
                0x70036fa8                BS_left_of
 .text.BS_line_intersection
                0x70037014      0x104 D:\Project\21.IR_Touch\BE_FW\wmc-ctsi-0850-fe-be-app\lib/libbackend_irt650_nxp2.a(backend_utils.o)
                0x70037014                BS_line_intersection
 .text.poly_e_edge_clip
                0x70037118      0x1d4 D:\Project\21.IR_Touch\BE_FW\wmc-ctsi-0850-fe-be-app\lib/libbackend_irt650_nxp2.a(backend_utils.o)
 .text.BS_poly_e_clip
                0x700372ec      0x134 D:\Project\21.IR_Touch\BE_FW\wmc-ctsi-0850-fe-be-app\lib/libbackend_irt650_nxp2.a(backend_utils.o)
                0x700372ec                BS_poly_e_clip
 .text.BG_calDistSquare
                0x70037420       0x18 D:\Project\21.IR_Touch\BE_FW\wmc-ctsi-0850-fe-be-app\lib/libbackend_irt650_nxp2.a(backend_utils.o)
                0x70037420                BG_calDistSquare
 .text.BS_getTouchArea
                0x70037438       0x74 D:\Project\21.IR_Touch\BE_FW\wmc-ctsi-0850-fe-be-app\lib/libbackend_irt650_nxp2.a(backend_utils.o)
                0x70037438                BS_getTouchArea
 .text.BS_is_edge
                0x700374ac       0xf4 D:\Project\21.IR_Touch\BE_FW\wmc-ctsi-0850-fe-be-app\lib/libbackend_irt650_nxp2.a(backend_utils.o)
                0x700374ac                BS_is_edge
 .text.BS_getSenInBuf
                0x700375a0       0x9c D:\Project\21.IR_Touch\BE_FW\wmc-ctsi-0850-fe-be-app\lib/libbackend_irt650_nxp2.a(backend_utils.o)
                0x700375a0                BS_getSenInBuf
 .text.BS_getLinePosInBufSen
                0x7003763c       0xac D:\Project\21.IR_Touch\BE_FW\wmc-ctsi-0850-fe-be-app\lib/libbackend_irt650_nxp2.a(backend_utils.o)
                0x7003763c                BS_getLinePosInBufSen
 .text.BS_getLinePosInBuf
                0x700376e8      0x108 D:\Project\21.IR_Touch\BE_FW\wmc-ctsi-0850-fe-be-app\lib/libbackend_irt650_nxp2.a(backend_utils.o)
                0x700376e8                BS_getLinePosInBuf
 .text.BS_getSenNumPos
                0x700377f0      0x1d4 D:\Project\21.IR_Touch\BE_FW\wmc-ctsi-0850-fe-be-app\lib/libbackend_irt650_nxp2.a(backend_utils.o)
                0x700377f0                BS_getSenNumPos
 .text.BS_calMinMaxSen
                0x700379c4      0x280 D:\Project\21.IR_Touch\BE_FW\wmc-ctsi-0850-fe-be-app\lib/libbackend_irt650_nxp2.a(backend_utils.o)
                0x700379c4                BS_calMinMaxSen
 .text.BS_get_virtual_range
                0x70037c44      0x298 D:\Project\21.IR_Touch\BE_FW\wmc-ctsi-0850-fe-be-app\lib/libbackend_irt650_nxp2.a(backend_utils.o)
                0x70037c44                BS_get_virtual_range
 .text.BS_get_clipping_range
                0x70037edc      0x7f4 D:\Project\21.IR_Touch\BE_FW\wmc-ctsi-0850-fe-be-app\lib/libbackend_irt650_nxp2.a(backend_utils.o)
                0x70037edc                BS_get_clipping_range
 .text.BS_adj_used_lines_tp
                0x700386d0      0x7dc D:\Project\21.IR_Touch\BE_FW\wmc-ctsi-0850-fe-be-app\lib/libbackend_irt650_nxp2.a(backend_utils.o)
                0x700386d0                BS_adj_used_lines_tp
 .text.is_cont_sen_same_slope
                0x70038eac       0xf8 D:\Project\21.IR_Touch\BE_FW\wmc-ctsi-0850-fe-be-app\lib/libbackend_irt650_nxp2.a(backend_fine.o)
 .text.fine_make_group3
                0x70038fa4      0x29c D:\Project\21.IR_Touch\BE_FW\wmc-ctsi-0850-fe-be-app\lib/libbackend_irt650_nxp2.a(backend_fine.o)
 .text.fine_is_closed_eraser_min_max
                0x70039240      0x1b8 D:\Project\21.IR_Touch\BE_FW\wmc-ctsi-0850-fe-be-app\lib/libbackend_irt650_nxp2.a(backend_fine.o)
 .text.fine_shadow_get_dist_closed_tp
                0x700393f8      0x188 D:\Project\21.IR_Touch\BE_FW\wmc-ctsi-0850-fe-be-app\lib/libbackend_irt650_nxp2.a(backend_fine.o)
 .text.fine_shadow_get_slope_line
                0x70039580      0x180 D:\Project\21.IR_Touch\BE_FW\wmc-ctsi-0850-fe-be-app\lib/libbackend_irt650_nxp2.a(backend_fine.o)
 .text.is_cont_line.part.0
                0x70039700      0x130 D:\Project\21.IR_Touch\BE_FW\wmc-ctsi-0850-fe-be-app\lib/libbackend_irt650_nxp2.a(backend_fine.o)
 .text.fine_is_closed_tp_min_max.constprop.0
                0x70039830      0x120 D:\Project\21.IR_Touch\BE_FW\wmc-ctsi-0850-fe-be-app\lib/libbackend_irt650_nxp2.a(backend_fine.o)
 .text.fine_get_inst3.constprop.0
                0x70039950      0x2a8 D:\Project\21.IR_Touch\BE_FW\wmc-ctsi-0850-fe-be-app\lib/libbackend_irt650_nxp2.a(backend_fine.o)
 .text.fine_cal_min_max3.constprop.0
                0x70039bf8      0x6e4 D:\Project\21.IR_Touch\BE_FW\wmc-ctsi-0850-fe-be-app\lib/libbackend_irt650_nxp2.a(backend_fine.o)
 .text.fine_make_group5_A.constprop.0
                0x7003a2dc      0x798 D:\Project\21.IR_Touch\BE_FW\wmc-ctsi-0850-fe-be-app\lib/libbackend_irt650_nxp2.a(backend_fine.o)
 .text.fine_get_inst5.constprop.0
                0x7003aa74      0x53c D:\Project\21.IR_Touch\BE_FW\wmc-ctsi-0850-fe-be-app\lib/libbackend_irt650_nxp2.a(backend_fine.o)
 .text.fine_make_grp_min_max.isra.0
                0x7003afb0       0xa4 D:\Project\21.IR_Touch\BE_FW\wmc-ctsi-0850-fe-be-app\lib/libbackend_irt650_nxp2.a(backend_fine.o)
 .text.fine_getThresholdCnt.isra.0
                0x7003b054      0x1b8 D:\Project\21.IR_Touch\BE_FW\wmc-ctsi-0850-fe-be-app\lib/libbackend_irt650_nxp2.a(backend_fine.o)
 .text.fine_shadow_cal_cent_pos2.isra.0
                0x7003b20c      0x9a8 D:\Project\21.IR_Touch\BE_FW\wmc-ctsi-0850-fe-be-app\lib/libbackend_irt650_nxp2.a(backend_fine.o)
 .text.fine_get_initial_ep5_remained.isra.0
                0x7003bbb4      0x1e4 D:\Project\21.IR_Touch\BE_FW\wmc-ctsi-0850-fe-be-app\lib/libbackend_irt650_nxp2.a(backend_fine.o)
 .text.fine_remove_ghost_pre.constprop.0.isra.0
                0x7003bd98       0xbc D:\Project\21.IR_Touch\BE_FW\wmc-ctsi-0850-fe-be-app\lib/libbackend_irt650_nxp2.a(backend_fine.o)
 .text.fine_add_touch_data.constprop.0
                0x7003be54      0x578 D:\Project\21.IR_Touch\BE_FW\wmc-ctsi-0850-fe-be-app\lib/libbackend_irt650_nxp2.a(backend_fine.o)
 .text.fine_cal_coordinates5.constprop.0
                0x7003c3cc     0x1678 D:\Project\21.IR_Touch\BE_FW\wmc-ctsi-0850-fe-be-app\lib/libbackend_irt650_nxp2.a(backend_fine.o)
 .text.BS_fine_malloc
                0x7003da44       0x68 D:\Project\21.IR_Touch\BE_FW\wmc-ctsi-0850-fe-be-app\lib/libbackend_irt650_nxp2.a(backend_fine.o)
                0x7003da44                BS_fine_malloc
 .text.BS_fine_get_initial_ep5
                0x7003daac      0x4f8 D:\Project\21.IR_Touch\BE_FW\wmc-ctsi-0850-fe-be-app\lib/libbackend_irt650_nxp2.a(backend_fine.o)
                0x7003daac                BS_fine_get_initial_ep5
 .text.BS_fine_add_remained_touch_xy
                0x7003dfa4      0x310 D:\Project\21.IR_Touch\BE_FW\wmc-ctsi-0850-fe-be-app\lib/libbackend_irt650_nxp2.a(backend_fine.o)
                0x7003dfa4                BS_fine_add_remained_touch_xy
 .text.BS_fine_add_remained_touch_shadow
                0x7003e2b4      0x88c D:\Project\21.IR_Touch\BE_FW\wmc-ctsi-0850-fe-be-app\lib/libbackend_irt650_nxp2.a(backend_fine.o)
                0x7003e2b4                BS_fine_add_remained_touch_shadow
 .text.BS_fine_add_remained_touch_edge_x
                0x7003eb40      0x1e0 D:\Project\21.IR_Touch\BE_FW\wmc-ctsi-0850-fe-be-app\lib/libbackend_irt650_nxp2.a(backend_fine.o)
                0x7003eb40                BS_fine_add_remained_touch_edge_x
 .text.BS_fine_add_remained_touch_edge_y
                0x7003ed20      0x1e0 D:\Project\21.IR_Touch\BE_FW\wmc-ctsi-0850-fe-be-app\lib/libbackend_irt650_nxp2.a(backend_fine.o)
                0x7003ed20                BS_fine_add_remained_touch_edge_y
 .text.BS_fine_add_remained_touch_brush
                0x7003ef00      0x5c0 D:\Project\21.IR_Touch\BE_FW\wmc-ctsi-0850-fe-be-app\lib/libbackend_irt650_nxp2.a(backend_fine.o)
                0x7003ef00                BS_fine_add_remained_touch_brush
 .text.BS_fine_add_remained_touch_brush2
                0x7003f4c0      0x7c0 D:\Project\21.IR_Touch\BE_FW\wmc-ctsi-0850-fe-be-app\lib/libbackend_irt650_nxp2.a(backend_fine.o)
                0x7003f4c0                BS_fine_add_remained_touch_brush2
 .text.BG_clipping_fine5
                0x7003fc80      0xb2c D:\Project\21.IR_Touch\BE_FW\wmc-ctsi-0850-fe-be-app\lib/libbackend_irt650_nxp2.a(backend_fine.o)
                0x7003fc80                BG_clipping_fine5
 .text.malloc   0x700407ac       0xc8 c:/nxp/mcuxpressoide_11.7.0_9198/ide/plugins/com.nxp.mcuxpresso.tools.win32_11.7.0.202209140929/tools/bin/../lib/gcc/arm-none-eabi/10.3.1/../../../../arm-none-eabi/lib/thumb/v7e-m+fp/hard\libcr_c.a(alloc.o)
                0x700407ac                malloc
 .text._Csys_alloc
                0x70040874       0x20 c:/nxp/mcuxpressoide_11.7.0_9198/ide/plugins/com.nxp.mcuxpresso.tools.win32_11.7.0.202209140929/tools/bin/../lib/gcc/arm-none-eabi/10.3.1/../../../../arm-none-eabi/lib/thumb/v7e-m+fp/hard\libcr_c.a(alloc.o)
                0x70040874                _Csys_alloc
 .text._initio  0x70040894       0x78 c:/nxp/mcuxpressoide_11.7.0_9198/ide/plugins/com.nxp.mcuxpresso.tools.win32_11.7.0.202209140929/tools/bin/../lib/gcc/arm-none-eabi/10.3.1/../../../../arm-none-eabi/lib/thumb/v7e-m+fp/hard\libcr_c.a(initio.o)
                0x70040894                _initio
 .text.__vfprintf
                0x7004090c      0xbf8 c:/nxp/mcuxpressoide_11.7.0_9198/ide/plugins/com.nxp.mcuxpresso.tools.win32_11.7.0.202209140929/tools/bin/../lib/gcc/arm-none-eabi/10.3.1/../../../../arm-none-eabi/lib/thumb/v7e-m+fp/hard\libcr_c.a(printf.o)
                0x7004090c                __vfprintf
 .text._vsnprintf
                0x70041504       0x68 c:/nxp/mcuxpressoide_11.7.0_9198/ide/plugins/com.nxp.mcuxpresso.tools.win32_11.7.0.202209140929/tools/bin/../lib/gcc/arm-none-eabi/10.3.1/../../../../arm-none-eabi/lib/thumb/v7e-m+fp/hard\libcr_c.a(printf.o)
                0x70041504                _vsnprintf
 .text._printf  0x7004156c       0x54 c:/nxp/mcuxpressoide_11.7.0_9198/ide/plugins/com.nxp.mcuxpresso.tools.win32_11.7.0.202209140929/tools/bin/../lib/gcc/arm-none-eabi/10.3.1/../../../../arm-none-eabi/lib/thumb/v7e-m+fp/hard\libcr_c.a(printf.o)
                0x7004156c                _printf
 .text.ch_val   0x700415c0       0x30 c:/nxp/mcuxpressoide_11.7.0_9198/ide/plugins/com.nxp.mcuxpresso.tools.win32_11.7.0.202209140929/tools/bin/../lib/gcc/arm-none-eabi/10.3.1/../../../../arm-none-eabi/lib/thumb/v7e-m+fp/hard\libcr_c.a(scanf.o)
 .text._strtoul
                0x700415f0       0xb8 c:/nxp/mcuxpressoide_11.7.0_9198/ide/plugins/com.nxp.mcuxpresso.tools.win32_11.7.0.202209140929/tools/bin/../lib/gcc/arm-none-eabi/10.3.1/../../../../arm-none-eabi/lib/thumb/v7e-m+fp/hard\libcr_c.a(scanf.o)
 .text.strtol   0x700416a8       0x7c c:/nxp/mcuxpressoide_11.7.0_9198/ide/plugins/com.nxp.mcuxpresso.tools.win32_11.7.0.202209140929/tools/bin/../lib/gcc/arm-none-eabi/10.3.1/../../../../arm-none-eabi/lib/thumb/v7e-m+fp/hard\libcr_c.a(scanf.o)
                0x700416a8                strtol
 .text._sbrk    0x70041724       0x3c c:/nxp/mcuxpressoide_11.7.0_9198/ide/plugins/com.nxp.mcuxpresso.tools.win32_11.7.0.202209140929/tools/bin/../lib/gcc/arm-none-eabi/10.3.1/../../../../arm-none-eabi/lib/thumb/v7e-m+fp/hard\libcr_c.a(_cr_sbrk.o)
                0x70041724                _sbrk
 .text._Cwritebuf
                0x70041760       0x6c c:/nxp/mcuxpressoide_11.7.0_9198/ide/plugins/com.nxp.mcuxpresso.tools.win32_11.7.0.202209140929/tools/bin/../lib/gcc/arm-none-eabi/10.3.1/../../../../arm-none-eabi/lib/thumb/v7e-m+fp/hard\libcr_c.a(_writebuf.o)
                0x70041760                _Cwritebuf
 .text.fflush   0x700417cc       0x3c c:/nxp/mcuxpressoide_11.7.0_9198/ide/plugins/com.nxp.mcuxpresso.tools.win32_11.7.0.202209140929/tools/bin/../lib/gcc/arm-none-eabi/10.3.1/../../../../arm-none-eabi/lib/thumb/v7e-m+fp/hard\libcr_c.a(fflush.o)
                0x700417cc                fflush
 .text.fseek    0x70041808       0xfc c:/nxp/mcuxpressoide_11.7.0_9198/ide/plugins/com.nxp.mcuxpresso.tools.win32_11.7.0.202209140929/tools/bin/../lib/gcc/arm-none-eabi/10.3.1/../../../../arm-none-eabi/lib/thumb/v7e-m+fp/hard\libcr_c.a(fseek.o)
                0x70041808                fseek
 .text.ftell    0x70041904       0x44 c:/nxp/mcuxpressoide_11.7.0_9198/ide/plugins/com.nxp.mcuxpresso.tools.win32_11.7.0.202209140929/tools/bin/../lib/gcc/arm-none-eabi/10.3.1/../../../../arm-none-eabi/lib/thumb/v7e-m+fp/hard\libcr_c.a(ftell.o)
                0x70041904                ftell
 .text.__check_heap_overflow
                0x70041948       0x18 c:/nxp/mcuxpressoide_11.7.0_9198/ide/plugins/com.nxp.mcuxpresso.tools.win32_11.7.0.202209140929/tools/bin/../lib/gcc/arm-none-eabi/10.3.1/../../../../arm-none-eabi/lib/thumb/v7e-m+fp/hard\libcr_c.a(_cr_check_heap.o)
                0x70041948                __check_heap_overflow
 .text.__aeabi_dmul
                0x70041960       0xfc c:/nxp/mcuxpressoide_11.7.0_9198/ide/plugins/com.nxp.mcuxpresso.tools.win32_11.7.0.202209140929/tools/bin/../lib/gcc/arm-none-eabi/10.3.1/thumb/v7e-m+fp/hard\libcr_eabihelpers.a(double.o)
                0x70041960                __aeabi_dmul
 .text.__aeabi_d2f
                0x70041a5c       0x58 c:/nxp/mcuxpressoide_11.7.0_9198/ide/plugins/com.nxp.mcuxpresso.tools.win32_11.7.0.202209140929/tools/bin/../lib/gcc/arm-none-eabi/10.3.1/thumb/v7e-m+fp/hard\libcr_eabihelpers.a(double.o)
                0x70041a5c                __aeabi_d2f
 .text.__main   0x70041ab4        0xe c:/nxp/mcuxpressoide_11.7.0_9198/ide/plugins/com.nxp.mcuxpresso.tools.win32_11.7.0.202209140929/tools/bin/../lib/gcc/arm-none-eabi/10.3.1/../../../../arm-none-eabi/lib/thumb/v7e-m+fp/hard\libcr_nohost_nf.a(_cr__main.o)
                0x70041ab4                __main
 .text.memcpy   0x70041ac2        0x4 c:/nxp/mcuxpressoide_11.7.0_9198/ide/plugins/com.nxp.mcuxpresso.tools.win32_11.7.0.202209140929/tools/bin/../lib/gcc/arm-none-eabi/10.3.1/../../../../arm-none-eabi/lib/thumb/v7e-m+fp/hard\libcr_c.a(memcpy.o)
                0x70041ac2                memcpy
 .text.memset   0x70041ac6        0x4 c:/nxp/mcuxpressoide_11.7.0_9198/ide/plugins/com.nxp.mcuxpresso.tools.win32_11.7.0.202209140929/tools/bin/../lib/gcc/arm-none-eabi/10.3.1/../../../../arm-none-eabi/lib/thumb/v7e-m+fp/hard\libcr_c.a(memset.o)
                0x70041ac6                memset
 .text.free     0x70041aca       0x30 c:/nxp/mcuxpressoide_11.7.0_9198/ide/plugins/com.nxp.mcuxpresso.tools.win32_11.7.0.202209140929/tools/bin/../lib/gcc/arm-none-eabi/10.3.1/../../../../arm-none-eabi/lib/thumb/v7e-m+fp/hard\libcr_c.a(alloc.o)
                0x70041aca                free
 .text.no_fp_display
                0x70041afa        0x4 c:/nxp/mcuxpressoide_11.7.0_9198/ide/plugins/com.nxp.mcuxpresso.tools.win32_11.7.0.202209140929/tools/bin/../lib/gcc/arm-none-eabi/10.3.1/../../../../arm-none-eabi/lib/thumb/v7e-m+fp/hard\libcr_c.a(printf.o)
 .text.setvbuf  0x70041afe       0x3e c:/nxp/mcuxpressoide_11.7.0_9198/ide/plugins/com.nxp.mcuxpresso.tools.win32_11.7.0.202209140929/tools/bin/../lib/gcc/arm-none-eabi/10.3.1/../../../../arm-none-eabi/lib/thumb/v7e-m+fp/hard\libcr_c.a(setvbuf.o)
                0x70041afe                setvbuf
 .text.strchr   0x70041b3c       0x18 c:/nxp/mcuxpressoide_11.7.0_9198/ide/plugins/com.nxp.mcuxpresso.tools.win32_11.7.0.202209140929/tools/bin/../lib/gcc/arm-none-eabi/10.3.1/../../../../arm-none-eabi/lib/thumb/v7e-m+fp/hard\libcr_c.a(strchr.o)
                0x70041b3c                strchr
 .text.strlen   0x70041b54       0x48 c:/nxp/mcuxpressoide_11.7.0_9198/ide/plugins/com.nxp.mcuxpresso.tools.win32_11.7.0.202209140929/tools/bin/../lib/gcc/arm-none-eabi/10.3.1/../../../../arm-none-eabi/lib/thumb/v7e-m+fp/hard\libcr_c.a(strlen.o)
                0x70041b54                strlen
 .text._deferredlazyseek
                0x70041b9c       0x40 c:/nxp/mcuxpressoide_11.7.0_9198/ide/plugins/com.nxp.mcuxpresso.tools.win32_11.7.0.202209140929/tools/bin/../lib/gcc/arm-none-eabi/10.3.1/../../../../arm-none-eabi/lib/thumb/v7e-m+fp/hard\libcr_c.a(_deferredlazyseek.o)
                0x70041b9c                _deferredlazyseek
 .text.__flsbuf
                0x70041bdc      0x140 c:/nxp/mcuxpressoide_11.7.0_9198/ide/plugins/com.nxp.mcuxpresso.tools.win32_11.7.0.202209140929/tools/bin/../lib/gcc/arm-none-eabi/10.3.1/../../../../arm-none-eabi/lib/thumb/v7e-m+fp/hard\libcr_c.a(_deferredlazyseek.o)
                0x70041bdc                __flsbuf
 .text._fdopen  0x70041d1c       0x68 c:/nxp/mcuxpressoide_11.7.0_9198/ide/plugins/com.nxp.mcuxpresso.tools.win32_11.7.0.202209140929/tools/bin/../lib/gcc/arm-none-eabi/10.3.1/../../../../arm-none-eabi/lib/thumb/v7e-m+fp/hard\libcr_c.a(_fdopen.o)
                0x70041d1c                _fdopen
 .text._fflush  0x70041d84       0x52 c:/nxp/mcuxpressoide_11.7.0_9198/ide/plugins/com.nxp.mcuxpresso.tools.win32_11.7.0.202209140929/tools/bin/../lib/gcc/arm-none-eabi/10.3.1/../../../../arm-none-eabi/lib/thumb/v7e-m+fp/hard\libcr_c.a(_fflush.o)
                0x70041d84                _fflush