../utilities/fsl_debug_console.c:734:13:DbgConsole_PrintCallback	40	static
../utilities/fsl_debug_console.c:426:10:DbgConsole_ReadOneCharacter	8	static
../utilities/fsl_debug_console.c:497:5:DbgConsole_SendData	8	static
../utilities/fsl_debug_console.c:550:5:DbgConsole_SendDataReliable	8	static
../utilities/fsl_debug_console.c:631:5:DbgConsole_ReadLine	32	static
../utilities/fsl_debug_console.c:697:5:DbgConsole_ReadCharacter	8	static
../utilities/fsl_debug_console.c:774:10:DbgConsole_Init	48	static
../utilities/fsl_debug_console.c:937:10:DbgConsole_EnterLowpower	8	static
../utilities/fsl_debug_console.c:948:10:DbgConsole_ExitLowpower	8	static
../utilities/fsl_debug_console.c:959:10:DbgConsole_Deinit	8	static
../utilities/fsl_debug_console.c:1002:40:DbgConsole_Flush	0	static
../utilities/fsl_debug_console.c:1045:5:DbgConsole_Printf	152	static
../utilities/fsl_debug_console.c:1058:5:DbgConsole_Vprintf	144	static
../utilities/fsl_debug_console.c:1078:5:DbgConsole_Putchar	16	static
../utilities/fsl_debug_console.c:1085:5:DbgConsole_Scanf	56	static
../utilities/fsl_debug_console.c:1104:5:DbgConsole_BlockingPrintf	152	static
../utilities/fsl_debug_console.c:1117:5:DbgConsole_BlockingVprintf	144	static
../utilities/fsl_debug_console.c:1186:5:DbgConsole_Getchar	16	static
