../board/pin_mux.c:279:6:BOARD_InitPins	120	static
../board/pin_mux.c:224:6:BOARD_InitBootPins	8	static
../board/pin_mux.c:618:6:BOARD_InitDEBUG_UART	0	static
../board/pin_mux.c:642:6:BOARD_InitSDRAM	0	static
../board/pin_mux.c:660:6:BOARD_InitCSI	0	static
../board/pin_mux.c:678:6:BOARD_InitLCD	0	static
../board/pin_mux.c:696:6:BOARD_InitCAN	0	static
../board/pin_mux.c:714:6:BOARD_InitENET	0	static
../board/pin_mux.c:732:6:BOARD_InitUSDHC	0	static
../board/pin_mux.c:750:6:BOARD_InitHyperFlash	0	static
